StGermain Framework revision 4012. Copyright (C) 2003-2005 VPAC.
StGermain Discretisation Library revision 4012. Copyright (C) 2003-2005 VPAC.
StGermain Finite Element Framework revision 747. Copyright (C) 2003-2005 VPAC.
StGermain FEM Discretisation Framework revision 747. Copyright (C) 2003-2005 VPAC.
StGermain SLE Library revision 747. Copyright (C) 2003-2005 VPAC.
StGermain PETSc-LinearAlgebra Interface revision 747. Copyright (C) 2003-2005 VPAC.
StGermain FEM Assembly Library revision 747. Copyright (C) 2003-2005 VPAC.
Watching rank: 0
StGermain XML library Path found.
StgFEM XML library Path found.
