StGermain Framework. Copyright (C) 2003-2005 VPAC.
StGermain Discretisation Library. Copyright (C) 2003-2005 VPAC.
StGermain FEM Discretisation Framework. Copyright (C) 2003-2005 VPAC.
StGermain PETSc-LinearAlgebra Interface. Copyright (C) 2003-2005 VPAC.
Watching rank: 1
1: *** Printing destination array ***
	destinationArray[(gnode) 0]: on another proc
	destinationArray[(gnode) 1]: on another proc
	destinationArray[(gnode) 2]: on another proc
	destinationArray[(gnode) 3]: on another proc
	destinationArray[(gnode) 4]: on another proc
	destinationArray[(gnode) 5]: on another proc
	destinationArray[(gnode) 6]: on another proc
	destinationArray[(gnode) 7]: on another proc
	destinationArray[(gnode) 8]: on another proc
	destinationArray[(gnode) 9]: on another proc
	destinationArray[(gnode)10]: on another proc
	destinationArray[(gnode)11]: on another proc
	destinationArray[(gnode)12]: on another proc
	destinationArray[(gnode)13]: on another proc
	destinationArray[(gnode)14]: on another proc
	destinationArray[(gnode)15]: on another proc
	destinationArray[(gnode)16]: on another proc
	destinationArray[(gnode)17]: on another proc
	destinationArray[(gnode)18]: on another proc
	destinationArray[(gnode)19]: on another proc
	destinationArray[(gnode)20]: on another proc
	destinationArray[(gnode)21]: on another proc
	destinationArray[(gnode)22]: on another proc
	destinationArray[(gnode)23]: on another proc
	destinationArray[(gnode)24]: on another proc
	destinationArray[(gnode)25]: on another proc
	destinationArray[(gnode)26]: on another proc
	destinationArray[(gnode)27]: on another proc
	destinationArray[(gnode)28]: on another proc
	destinationArray[(gnode)29]: on another proc
	destinationArray[(gnode)30]: on another proc
	destinationArray[(gnode)31]: on another proc
	destinationArray[(gnode)32]: on another proc
	destinationArray[(gnode)33]: on another proc
	destinationArray[(gnode)34]: on another proc
	destinationArray[(gnode)35]: on another proc
	destinationArray[(gnode)36]: on another proc
	destinationArray[(gnode)37]: on another proc
	destinationArray[(gnode)38]: on another proc
	destinationArray[(gnode)39]: on another proc
	destinationArray[(gnode)40][(dof)0-1]: -1, 
	destinationArray[(gnode)41][(dof)0-1]: 30, 
	destinationArray[(gnode)42][(dof)0-1]: 31, 
	destinationArray[(gnode)43][(dof)0-1]: 32, 
	destinationArray[(gnode)44][(dof)0-1]: -1, 
	destinationArray[(gnode)45][(dof)0-1]: 33, 
	destinationArray[(gnode)46][(dof)0-1]: 34, 
	destinationArray[(gnode)47][(dof)0-1]: 35, 
	destinationArray[(gnode)48][(dof)0-1]: -1, 
	destinationArray[(gnode)49][(dof)0-1]: 36, 
	destinationArray[(gnode)50][(dof)0-1]: 37, 
	destinationArray[(gnode)51][(dof)0-1]: 38, 
	destinationArray[(gnode)52][(dof)0-1]: -1, 
	destinationArray[(gnode)53][(dof)0-1]: 39, 
	destinationArray[(gnode)54][(dof)0-1]: 40, 
	destinationArray[(gnode)55][(dof)0-1]: 41, 
	destinationArray[(gnode)56][(dof)0-1]: -1, 
	destinationArray[(gnode)57][(dof)0-1]: 42, 
	destinationArray[(gnode)58][(dof)0-1]: 43, 
	destinationArray[(gnode)59][(dof)0-1]: 44, 
	destinationArray[(gnode)60][(dof)0-1]: -1, 
	destinationArray[(gnode)61][(dof)0-1]: 45, 
	destinationArray[(gnode)62][(dof)0-1]: 46, 
	destinationArray[(gnode)63][(dof)0-1]: 47, 
	destinationArray[(gnode)64][(dof)0-1]: -1, 
	destinationArray[(gnode)65][(dof)0-1]: 48, 
	destinationArray[(gnode)66][(dof)0-1]: 49, 
	destinationArray[(gnode)67][(dof)0-1]: 50, 
	destinationArray[(gnode)68][(dof)0-1]: -1, 
	destinationArray[(gnode)69][(dof)0-1]: 51, 
	destinationArray[(gnode)70][(dof)0-1]: 52, 
	destinationArray[(gnode)71][(dof)0-1]: 53, 
	destinationArray[(gnode)72][(dof)0-1]: -1, 
	destinationArray[(gnode)73][(dof)0-1]: 54, 
	destinationArray[(gnode)74][(dof)0-1]: 55, 
	destinationArray[(gnode)75][(dof)0-1]: 56, 
	destinationArray[(gnode)76][(dof)0-1]: -1, 
	destinationArray[(gnode)77][(dof)0-1]: 57, 
	destinationArray[(gnode)78][(dof)0-1]: 58, 
	destinationArray[(gnode)79][(dof)0-1]: 59, 
	destinationArray[(gnode)80][(dof)0-1]: -1, 
	destinationArray[(gnode)81][(dof)0-1]: 60, 
	destinationArray[(gnode)82][(dof)0-1]: 61, 
	destinationArray[(gnode)83][(dof)0-1]: 62, 
	destinationArray[(gnode)84][(dof)0-1]: -1, 
	destinationArray[(gnode)85][(dof)0-1]: 63, 
	destinationArray[(gnode)86][(dof)0-1]: 64, 
	destinationArray[(gnode)87][(dof)0-1]: 65, 
In FeVariable_PrintLocalDiscreteValues: for FeVariable "velocity":
node 0 (global index 40):
	dof 0 "vx":     -1 - (from BC)
node 1 (global index 41):
	dof 0 "vx":    342 - (eq num 30)
node 2 (global index 42):
	dof 0 "vx":    344 - (eq num 31)
node 3 (global index 43):
	dof 0 "vx":    346 - (eq num 32)
node 4 (global index 44):
	dof 0 "vx":     -1 - (from BC)
node 5 (global index 45):
	dof 0 "vx":    350 - (eq num 33)
node 6 (global index 46):
	dof 0 "vx":    352 - (eq num 34)
node 7 (global index 47):
	dof 0 "vx":    354 - (eq num 35)
node 8 (global index 48):
	dof 0 "vx":     -1 - (from BC)
node 9 (global index 49):
	dof 0 "vx":    209 - (eq num 36)
node 10 (global index 50):
	dof 0 "vx":    210 - (eq num 37)
node 11 (global index 51):
	dof 0 "vx":    211 - (eq num 38)
node 12 (global index 52):
	dof 0 "vx":     -1 - (from BC)
node 13 (global index 53):
	dof 0 "vx":    213 - (eq num 39)
node 14 (global index 54):
	dof 0 "vx":    214 - (eq num 40)
node 15 (global index 55):
	dof 0 "vx":    215 - (eq num 41)
node 16 (global index 56):
	dof 0 "vx":     -1 - (from BC)
node 17 (global index 57):
	dof 0 "vx":    217 - (eq num 42)
node 18 (global index 58):
	dof 0 "vx":    218 - (eq num 43)
node 19 (global index 59):
	dof 0 "vx":    219 - (eq num 44)
node 20 (global index 60):
	dof 0 "vx":     -1 - (from BC)
node 21 (global index 61):
	dof 0 "vx":    221 - (eq num 45)
node 22 (global index 62):
	dof 0 "vx":    222 - (eq num 46)
node 23 (global index 63):
	dof 0 "vx":    223 - (eq num 47)
node 24 (global index 64):
	dof 0 "vx":     -1 - (from BC)
node 25 (global index 65):
	dof 0 "vx":    225 - (eq num 48)
node 26 (global index 66):
	dof 0 "vx":    226 - (eq num 49)
node 27 (global index 67):
	dof 0 "vx":    227 - (eq num 50)
node 28 (global index 68):
	dof 0 "vx":     -1 - (from BC)
node 29 (global index 69):
	dof 0 "vx":    229 - (eq num 51)
node 30 (global index 70):
	dof 0 "vx":    230 - (eq num 52)
node 31 (global index 71):
	dof 0 "vx":    231 - (eq num 53)
node 32 (global index 72):
	dof 0 "vx":     -1 - (from BC)
node 33 (global index 73):
	dof 0 "vx":    233 - (eq num 54)
node 34 (global index 74):
	dof 0 "vx":    234 - (eq num 55)
node 35 (global index 75):
	dof 0 "vx":    235 - (eq num 56)
node 36 (global index 76):
	dof 0 "vx":     -1 - (from BC)
node 37 (global index 77):
	dof 0 "vx":    237 - (eq num 57)
node 38 (global index 78):
	dof 0 "vx":    238 - (eq num 58)
node 39 (global index 79):
	dof 0 "vx":    239 - (eq num 59)
node 40 (global index 80):
	dof 0 "vx":     -1 - (from BC)
node 41 (global index 81):
	dof 0 "vx":    241 - (eq num 60)
node 42 (global index 82):
	dof 0 "vx":    242 - (eq num 61)
node 43 (global index 83):
	dof 0 "vx":    243 - (eq num 62)
node 44 (global index 84):
	dof 0 "vx":     -1 - (from BC)
node 45 (global index 85):
	dof 0 "vx":    245 - (eq num 63)
node 46 (global index 86):
	dof 0 "vx":    246 - (eq num 64)
node 47 (global index 87):
	dof 0 "vx":    247 - (eq num 65)
2nd time round: testing new values on mesh loaded correctly onto vec:

In FeVariable_PrintLocalDiscreteValues: for FeVariable "velocity":
node 0 (global index 40):
	dof 0 "vx":    400 - (from BC)
node 1 (global index 41):
	dof 0 "vx":    410 - (eq num 30)
node 2 (global index 42):
	dof 0 "vx":    420 - (eq num 31)
node 3 (global index 43):
	dof 0 "vx":    430 - (eq num 32)
node 4 (global index 44):
	dof 0 "vx":    440 - (from BC)
node 5 (global index 45):
	dof 0 "vx":    450 - (eq num 33)
node 6 (global index 46):
	dof 0 "vx":    460 - (eq num 34)
node 7 (global index 47):
	dof 0 "vx":    470 - (eq num 35)
node 8 (global index 48):
	dof 0 "vx":    480 - (from BC)
node 9 (global index 49):
	dof 0 "vx":    490 - (eq num 36)
node 10 (global index 50):
	dof 0 "vx":    500 - (eq num 37)
node 11 (global index 51):
	dof 0 "vx":    510 - (eq num 38)
node 12 (global index 52):
	dof 0 "vx":    520 - (from BC)
node 13 (global index 53):
	dof 0 "vx":    530 - (eq num 39)
node 14 (global index 54):
	dof 0 "vx":    540 - (eq num 40)
node 15 (global index 55):
	dof 0 "vx":    550 - (eq num 41)
node 16 (global index 56):
	dof 0 "vx":    560 - (from BC)
node 17 (global index 57):
	dof 0 "vx":    570 - (eq num 42)
node 18 (global index 58):
	dof 0 "vx":    580 - (eq num 43)
node 19 (global index 59):
	dof 0 "vx":    590 - (eq num 44)
node 20 (global index 60):
	dof 0 "vx":    600 - (from BC)
node 21 (global index 61):
	dof 0 "vx":    610 - (eq num 45)
node 22 (global index 62):
	dof 0 "vx":    620 - (eq num 46)
node 23 (global index 63):
	dof 0 "vx":    630 - (eq num 47)
node 24 (global index 64):
	dof 0 "vx":    640 - (from BC)
node 25 (global index 65):
	dof 0 "vx":    650 - (eq num 48)
node 26 (global index 66):
	dof 0 "vx":    660 - (eq num 49)
node 27 (global index 67):
	dof 0 "vx":    670 - (eq num 50)
node 28 (global index 68):
	dof 0 "vx":    680 - (from BC)
node 29 (global index 69):
	dof 0 "vx":    690 - (eq num 51)
node 30 (global index 70):
	dof 0 "vx":    700 - (eq num 52)
node 31 (global index 71):
	dof 0 "vx":    710 - (eq num 53)
node 32 (global index 72):
	dof 0 "vx":    720 - (from BC)
node 33 (global index 73):
	dof 0 "vx":    730 - (eq num 54)
node 34 (global index 74):
	dof 0 "vx":    740 - (eq num 55)
node 35 (global index 75):
	dof 0 "vx":    750 - (eq num 56)
node 36 (global index 76):
	dof 0 "vx":    760 - (from BC)
node 37 (global index 77):
	dof 0 "vx":    770 - (eq num 57)
node 38 (global index 78):
	dof 0 "vx":    780 - (eq num 58)
node 39 (global index 79):
	dof 0 "vx":    790 - (eq num 59)
node 40 (global index 80):
	dof 0 "vx":    800 - (from BC)
node 41 (global index 81):
	dof 0 "vx":    810 - (eq num 60)
node 42 (global index 82):
	dof 0 "vx":    820 - (eq num 61)
node 43 (global index 83):
	dof 0 "vx":    830 - (eq num 62)
node 44 (global index 84):
	dof 0 "vx":    840 - (from BC)
node 45 (global index 85):
	dof 0 "vx":    850 - (eq num 63)
node 46 (global index 86):
	dof 0 "vx":    860 - (eq num 64)
node 47 (global index 87):
	dof 0 "vx":    870 - (eq num 65)
Local vector values are:
Vec unknown 0 = 410
Vec unknown 1 = 420
Vec unknown 2 = 430
Vec unknown 3 = 450
Vec unknown 4 = 460
Vec unknown 5 = 470
Vec unknown 6 = 490
Vec unknown 7 = 500
Vec unknown 8 = 510
Vec unknown 9 = 530
Vec unknown 10 = 540
Vec unknown 11 = 550
Vec unknown 12 = 570
Vec unknown 13 = 580
Vec unknown 14 = 590
Vec unknown 15 = 610
Vec unknown 16 = 620
Vec unknown 17 = 630
Vec unknown 18 = 650
Vec unknown 19 = 660
Vec unknown 20 = 670
Vec unknown 21 = 690
Vec unknown 22 = 700
Vec unknown 23 = 710
Vec unknown 24 = 730
Vec unknown 25 = 740
Vec unknown 26 = 750
Vec unknown 27 = 770
Vec unknown 28 = 780
Vec unknown 29 = 790
Vec unknown 30 = 810
Vec unknown 31 = 820
Vec unknown 32 = 830
Vec unknown 33 = 850
Vec unknown 34 = 860
Vec unknown 35 = 870
