StGermain Framework. Copyright (C) 2003-2005 VPAC.
StGermain Discretisation Library. Copyright (C) 2003-2005 VPAC.
StGermain FEM Discretisation Framework. Copyright (C) 2003-2005 VPAC.
StGermain PETSc-LinearAlgebra Interface. Copyright (C) 2003-2005 VPAC.
Watching rank: 0
0: *** Printing destination array ***
	destinationArray[(gnode) 0][(dof)0-1]: -1, 
	destinationArray[(gnode) 1][(dof)0-1]:  0, 
	destinationArray[(gnode) 2][(dof)0-1]:  1, 
	destinationArray[(gnode) 3][(dof)0-1]:  2, 
	destinationArray[(gnode) 4][(dof)0-1]: -1, 
	destinationArray[(gnode) 5][(dof)0-1]:  3, 
	destinationArray[(gnode) 6][(dof)0-1]:  4, 
	destinationArray[(gnode) 7][(dof)0-1]:  5, 
	destinationArray[(gnode) 8][(dof)0-1]: -1, 
	destinationArray[(gnode) 9][(dof)0-1]:  6, 
	destinationArray[(gnode)10][(dof)0-1]:  7, 
	destinationArray[(gnode)11][(dof)0-1]:  8, 
	destinationArray[(gnode)12][(dof)0-1]: -1, 
	destinationArray[(gnode)13][(dof)0-1]:  9, 
	destinationArray[(gnode)14][(dof)0-1]: 10, 
	destinationArray[(gnode)15][(dof)0-1]: 11, 
	destinationArray[(gnode)16][(dof)0-1]: -1, 
	destinationArray[(gnode)17][(dof)0-1]: 12, 
	destinationArray[(gnode)18][(dof)0-1]: 13, 
	destinationArray[(gnode)19][(dof)0-1]: 14, 
	destinationArray[(gnode)20][(dof)0-1]: -1, 
	destinationArray[(gnode)21][(dof)0-1]: 15, 
	destinationArray[(gnode)22][(dof)0-1]: 16, 
	destinationArray[(gnode)23][(dof)0-1]: 17, 
	destinationArray[(gnode)24][(dof)0-1]: -1, 
	destinationArray[(gnode)25][(dof)0-1]: 18, 
	destinationArray[(gnode)26][(dof)0-1]: 19, 
	destinationArray[(gnode)27][(dof)0-1]: 20, 
	destinationArray[(gnode)28][(dof)0-1]: -1, 
	destinationArray[(gnode)29][(dof)0-1]: 21, 
	destinationArray[(gnode)30][(dof)0-1]: 22, 
	destinationArray[(gnode)31][(dof)0-1]: 23, 
	destinationArray[(gnode)32][(dof)0-1]: -1, 
	destinationArray[(gnode)33][(dof)0-1]: 24, 
	destinationArray[(gnode)34][(dof)0-1]: 25, 
	destinationArray[(gnode)35][(dof)0-1]: 26, 
	destinationArray[(gnode)36][(dof)0-1]: -1, 
	destinationArray[(gnode)37][(dof)0-1]: 27, 
	destinationArray[(gnode)38][(dof)0-1]: 28, 
	destinationArray[(gnode)39][(dof)0-1]: 29, 
	destinationArray[(gnode)40][(dof)0-1]: -1, 
	destinationArray[(gnode)41][(dof)0-1]: 30, 
	destinationArray[(gnode)42][(dof)0-1]: 31, 
	destinationArray[(gnode)43][(dof)0-1]: 32, 
	destinationArray[(gnode)44][(dof)0-1]: -1, 
	destinationArray[(gnode)45][(dof)0-1]: 33, 
	destinationArray[(gnode)46][(dof)0-1]: 34, 
	destinationArray[(gnode)47][(dof)0-1]: 35, 
	destinationArray[(gnode)48]: on another proc
	destinationArray[(gnode)49]: on another proc
	destinationArray[(gnode)50]: on another proc
	destinationArray[(gnode)51]: on another proc
	destinationArray[(gnode)52]: on another proc
	destinationArray[(gnode)53]: on another proc
	destinationArray[(gnode)54]: on another proc
	destinationArray[(gnode)55]: on another proc
	destinationArray[(gnode)56]: on another proc
	destinationArray[(gnode)57]: on another proc
	destinationArray[(gnode)58]: on another proc
	destinationArray[(gnode)59]: on another proc
	destinationArray[(gnode)60]: on another proc
	destinationArray[(gnode)61]: on another proc
	destinationArray[(gnode)62]: on another proc
	destinationArray[(gnode)63]: on another proc
	destinationArray[(gnode)64]: on another proc
	destinationArray[(gnode)65]: on another proc
	destinationArray[(gnode)66]: on another proc
	destinationArray[(gnode)67]: on another proc
	destinationArray[(gnode)68]: on another proc
	destinationArray[(gnode)69]: on another proc
	destinationArray[(gnode)70]: on another proc
	destinationArray[(gnode)71]: on another proc
	destinationArray[(gnode)72]: on another proc
	destinationArray[(gnode)73]: on another proc
	destinationArray[(gnode)74]: on another proc
	destinationArray[(gnode)75]: on another proc
	destinationArray[(gnode)76]: on another proc
	destinationArray[(gnode)77]: on another proc
	destinationArray[(gnode)78]: on another proc
	destinationArray[(gnode)79]: on another proc
	destinationArray[(gnode)80]: on another proc
	destinationArray[(gnode)81]: on another proc
	destinationArray[(gnode)82]: on another proc
	destinationArray[(gnode)83]: on another proc
	destinationArray[(gnode)84]: on another proc
	destinationArray[(gnode)85]: on another proc
	destinationArray[(gnode)86]: on another proc
	destinationArray[(gnode)87]: on another proc
In FeVariable_PrintLocalDiscreteValues: for FeVariable "velocity":
node 0 (global index 0):
	dof 0 "vx":     -1 - (from BC)
node 1 (global index 1):
	dof 0 "vx":    101 - (eq num 0)
node 2 (global index 2):
	dof 0 "vx":    102 - (eq num 1)
node 3 (global index 3):
	dof 0 "vx":    103 - (eq num 2)
node 4 (global index 4):
	dof 0 "vx":     -1 - (from BC)
node 5 (global index 5):
	dof 0 "vx":    105 - (eq num 3)
node 6 (global index 6):
	dof 0 "vx":    106 - (eq num 4)
node 7 (global index 7):
	dof 0 "vx":    107 - (eq num 5)
node 8 (global index 8):
	dof 0 "vx":     -1 - (from BC)
node 9 (global index 9):
	dof 0 "vx":    109 - (eq num 6)
node 10 (global index 10):
	dof 0 "vx":    110 - (eq num 7)
node 11 (global index 11):
	dof 0 "vx":    111 - (eq num 8)
node 12 (global index 12):
	dof 0 "vx":     -1 - (from BC)
node 13 (global index 13):
	dof 0 "vx":    113 - (eq num 9)
node 14 (global index 14):
	dof 0 "vx":    114 - (eq num 10)
node 15 (global index 15):
	dof 0 "vx":    115 - (eq num 11)
node 16 (global index 16):
	dof 0 "vx":     -1 - (from BC)
node 17 (global index 17):
	dof 0 "vx":    117 - (eq num 12)
node 18 (global index 18):
	dof 0 "vx":    118 - (eq num 13)
node 19 (global index 19):
	dof 0 "vx":    119 - (eq num 14)
node 20 (global index 20):
	dof 0 "vx":     -1 - (from BC)
node 21 (global index 21):
	dof 0 "vx":    121 - (eq num 15)
node 22 (global index 22):
	dof 0 "vx":    122 - (eq num 16)
node 23 (global index 23):
	dof 0 "vx":    123 - (eq num 17)
node 24 (global index 24):
	dof 0 "vx":     -1 - (from BC)
node 25 (global index 25):
	dof 0 "vx":    125 - (eq num 18)
node 26 (global index 26):
	dof 0 "vx":    126 - (eq num 19)
node 27 (global index 27):
	dof 0 "vx":    127 - (eq num 20)
node 28 (global index 28):
	dof 0 "vx":     -1 - (from BC)
node 29 (global index 29):
	dof 0 "vx":    129 - (eq num 21)
node 30 (global index 30):
	dof 0 "vx":    130 - (eq num 22)
node 31 (global index 31):
	dof 0 "vx":    131 - (eq num 23)
node 32 (global index 32):
	dof 0 "vx":     -1 - (from BC)
node 33 (global index 33):
	dof 0 "vx":    133 - (eq num 24)
node 34 (global index 34):
	dof 0 "vx":    134 - (eq num 25)
node 35 (global index 35):
	dof 0 "vx":    135 - (eq num 26)
node 36 (global index 36):
	dof 0 "vx":     -1 - (from BC)
node 37 (global index 37):
	dof 0 "vx":    137 - (eq num 27)
node 38 (global index 38):
	dof 0 "vx":    138 - (eq num 28)
node 39 (global index 39):
	dof 0 "vx":    139 - (eq num 29)
node 40 (global index 40):
	dof 0 "vx":     -1 - (from BC)
node 41 (global index 41):
	dof 0 "vx":    342 - (eq num 30)
node 42 (global index 42):
	dof 0 "vx":    344 - (eq num 31)
node 43 (global index 43):
	dof 0 "vx":    346 - (eq num 32)
node 44 (global index 44):
	dof 0 "vx":     -1 - (from BC)
node 45 (global index 45):
	dof 0 "vx":    350 - (eq num 33)
node 46 (global index 46):
	dof 0 "vx":    352 - (eq num 34)
node 47 (global index 47):
	dof 0 "vx":    354 - (eq num 35)
2nd time round: testing new values on mesh loaded correctly onto vec:

In FeVariable_PrintLocalDiscreteValues: for FeVariable "velocity":
node 0 (global index 0):
	dof 0 "vx":      0 - (from BC)
node 1 (global index 1):
	dof 0 "vx":     10 - (eq num 0)
node 2 (global index 2):
	dof 0 "vx":     20 - (eq num 1)
node 3 (global index 3):
	dof 0 "vx":     30 - (eq num 2)
node 4 (global index 4):
	dof 0 "vx":     40 - (from BC)
node 5 (global index 5):
	dof 0 "vx":     50 - (eq num 3)
node 6 (global index 6):
	dof 0 "vx":     60 - (eq num 4)
node 7 (global index 7):
	dof 0 "vx":     70 - (eq num 5)
node 8 (global index 8):
	dof 0 "vx":     80 - (from BC)
node 9 (global index 9):
	dof 0 "vx":     90 - (eq num 6)
node 10 (global index 10):
	dof 0 "vx":    100 - (eq num 7)
node 11 (global index 11):
	dof 0 "vx":    110 - (eq num 8)
node 12 (global index 12):
	dof 0 "vx":    120 - (from BC)
node 13 (global index 13):
	dof 0 "vx":    130 - (eq num 9)
node 14 (global index 14):
	dof 0 "vx":    140 - (eq num 10)
node 15 (global index 15):
	dof 0 "vx":    150 - (eq num 11)
node 16 (global index 16):
	dof 0 "vx":    160 - (from BC)
node 17 (global index 17):
	dof 0 "vx":    170 - (eq num 12)
node 18 (global index 18):
	dof 0 "vx":    180 - (eq num 13)
node 19 (global index 19):
	dof 0 "vx":    190 - (eq num 14)
node 20 (global index 20):
	dof 0 "vx":    200 - (from BC)
node 21 (global index 21):
	dof 0 "vx":    210 - (eq num 15)
node 22 (global index 22):
	dof 0 "vx":    220 - (eq num 16)
node 23 (global index 23):
	dof 0 "vx":    230 - (eq num 17)
node 24 (global index 24):
	dof 0 "vx":    240 - (from BC)
node 25 (global index 25):
	dof 0 "vx":    250 - (eq num 18)
node 26 (global index 26):
	dof 0 "vx":    260 - (eq num 19)
node 27 (global index 27):
	dof 0 "vx":    270 - (eq num 20)
node 28 (global index 28):
	dof 0 "vx":    280 - (from BC)
node 29 (global index 29):
	dof 0 "vx":    290 - (eq num 21)
node 30 (global index 30):
	dof 0 "vx":    300 - (eq num 22)
node 31 (global index 31):
	dof 0 "vx":    310 - (eq num 23)
node 32 (global index 32):
	dof 0 "vx":    320 - (from BC)
node 33 (global index 33):
	dof 0 "vx":    330 - (eq num 24)
node 34 (global index 34):
	dof 0 "vx":    340 - (eq num 25)
node 35 (global index 35):
	dof 0 "vx":    350 - (eq num 26)
node 36 (global index 36):
	dof 0 "vx":    360 - (from BC)
node 37 (global index 37):
	dof 0 "vx":    370 - (eq num 27)
node 38 (global index 38):
	dof 0 "vx":    380 - (eq num 28)
node 39 (global index 39):
	dof 0 "vx":    390 - (eq num 29)
node 40 (global index 40):
	dof 0 "vx":    400 - (from BC)
node 41 (global index 41):
	dof 0 "vx":    410 - (eq num 30)
node 42 (global index 42):
	dof 0 "vx":    420 - (eq num 31)
node 43 (global index 43):
	dof 0 "vx":    430 - (eq num 32)
node 44 (global index 44):
	dof 0 "vx":    440 - (from BC)
node 45 (global index 45):
	dof 0 "vx":    450 - (eq num 33)
node 46 (global index 46):
	dof 0 "vx":    460 - (eq num 34)
node 47 (global index 47):
	dof 0 "vx":    470 - (eq num 35)
Local vector values are:
Vec unknown 0 = 10
Vec unknown 1 = 20
Vec unknown 2 = 30
Vec unknown 3 = 50
Vec unknown 4 = 60
Vec unknown 5 = 70
Vec unknown 6 = 90
Vec unknown 7 = 100
Vec unknown 8 = 110
Vec unknown 9 = 130
Vec unknown 10 = 140
Vec unknown 11 = 150
Vec unknown 12 = 170
Vec unknown 13 = 180
Vec unknown 14 = 190
Vec unknown 15 = 210
Vec unknown 16 = 220
Vec unknown 17 = 230
Vec unknown 18 = 250
Vec unknown 19 = 260
Vec unknown 20 = 270
Vec unknown 21 = 290
Vec unknown 22 = 300
Vec unknown 23 = 310
Vec unknown 24 = 330
Vec unknown 25 = 340
Vec unknown 26 = 350
Vec unknown 27 = 370
Vec unknown 28 = 380
Vec unknown 29 = 390
