StGermain Framework revision 4149. Copyright (C) 2003-2005 VPAC.
StGermain Discretisation Library revision 4149. Copyright (C) 2003-2005 VPAC.
StGermain FEM Discretisation Framework revision 894. Copyright (C) 2003-2005 VPAC.
StGermain PETSc-LinearAlgebra Interface revision 891. Copyright (C) 2003-2005 VPAC.
   Running test 'all'... passed
