StGermain Framework. Copyright (C) 2003-2005 VPAC.
StGermain Discretisation Library. Copyright (C) 2003-2005 VPAC.
StGermain FEM Discretisation Framework. Copyright (C) 2003-2005 VPAC.
StGermain PETSc-LinearAlgebra Interface. Copyright (C) 2003-2005 VPAC.
Watching rank: 0
Printing non-zero entries calculation:
node 0 (global index 0):
	dof 0 "vx": (BC)
	dof 1 "vy": (BC)
node 1 (global index 1):
	dof 0 "vx": (eq num 0)	local matRow 0: diag entries = 7, off diag = 0
	dof 1 "vy": (BC)
node 2 (global index 2):
	dof 0 "vx": (eq num 1)	local matRow 1: diag entries = 9, off diag = 0
	dof 1 "vy": (BC)
node 3 (global index 3):
	dof 0 "vx": (eq num 2)	local matRow 2: diag entries = 9, off diag = 0
	dof 1 "vy": (BC)
node 4 (global index 4):
	dof 0 "vx": (eq num 3)	local matRow 3: diag entries = 6, off diag = 0
	dof 1 "vy": (BC)
node 5 (global index 5):
	dof 0 "vx": (BC)
	dof 1 "vy": (eq num 4)	local matRow 4: diag entries = 7, off diag = 0
node 6 (global index 6):
	dof 0 "vx": (eq num 5)	local matRow 5: diag entries = 12, off diag = 0
	dof 1 "vy": (eq num 6)	local matRow 6: diag entries = 12, off diag = 0
node 7 (global index 7):
	dof 0 "vx": (eq num 7)	local matRow 7: diag entries = 15, off diag = 0
	dof 1 "vy": (eq num 8)	local matRow 8: diag entries = 15, off diag = 0
node 8 (global index 8):
	dof 0 "vx": (eq num 9)	local matRow 9: diag entries = 15, off diag = 0
	dof 1 "vy": (eq num 10)	local matRow 10: diag entries = 15, off diag = 0
node 9 (global index 9):
	dof 0 "vx": (eq num 11)	local matRow 11: diag entries = 10, off diag = 0
	dof 1 "vy": (eq num 12)	local matRow 12: diag entries = 10, off diag = 0
node 10 (global index 10):
	dof 0 "vx": (BC)
	dof 1 "vy": (eq num 13)	local matRow 13: diag entries = 9, off diag = 0
node 11 (global index 11):
	dof 0 "vx": (eq num 14)	local matRow 14: diag entries = 15, off diag = 0
	dof 1 "vy": (eq num 15)	local matRow 15: diag entries = 15, off diag = 0
node 12 (global index 12):
	dof 0 "vx": (eq num 16)	local matRow 16: diag entries = 18, off diag = 0
	dof 1 "vy": (eq num 17)	local matRow 17: diag entries = 18, off diag = 0
node 13 (global index 13):
	dof 0 "vx": (eq num 18)	local matRow 18: diag entries = 18, off diag = 0
	dof 1 "vy": (eq num 19)	local matRow 19: diag entries = 18, off diag = 0
node 14 (global index 14):
	dof 0 "vx": (eq num 20)	local matRow 20: diag entries = 12, off diag = 0
	dof 1 "vy": (eq num 21)	local matRow 21: diag entries = 12, off diag = 0
node 15 (global index 15):
	dof 0 "vx": (BC)
	dof 1 "vy": (eq num 22)	local matRow 22: diag entries = 9, off diag = 0
node 16 (global index 16):
	dof 0 "vx": (eq num 23)	local matRow 23: diag entries = 15, off diag = 0
	dof 1 "vy": (eq num 24)	local matRow 24: diag entries = 15, off diag = 0
node 17 (global index 17):
	dof 0 "vx": (eq num 25)	local matRow 25: diag entries = 18, off diag = 0
	dof 1 "vy": (eq num 26)	local matRow 26: diag entries = 18, off diag = 0
node 18 (global index 18):
	dof 0 "vx": (eq num 27)	local matRow 27: diag entries = 18, off diag = 0
	dof 1 "vy": (eq num 28)	local matRow 28: diag entries = 18, off diag = 0
node 19 (global index 19):
	dof 0 "vx": (eq num 29)	local matRow 29: diag entries = 12, off diag = 0
	dof 1 "vy": (eq num 30)	local matRow 30: diag entries = 12, off diag = 0
node 20 (global index 20):
	dof 0 "vx": (BC)
	dof 1 "vy": (eq num 31)	local matRow 31: diag entries = 6, off diag = 0
node 21 (global index 21):
	dof 0 "vx": (eq num 32)	local matRow 32: diag entries = 10, off diag = 0
	dof 1 "vy": (eq num 33)	local matRow 33: diag entries = 10, off diag = 0
node 22 (global index 22):
	dof 0 "vx": (eq num 34)	local matRow 34: diag entries = 12, off diag = 0
	dof 1 "vy": (eq num 35)	local matRow 35: diag entries = 12, off diag = 0
node 23 (global index 23):
	dof 0 "vx": (eq num 36)	local matRow 36: diag entries = 12, off diag = 0
	dof 1 "vy": (eq num 37)	local matRow 37: diag entries = 12, off diag = 0
node 24 (global index 24):
	dof 0 "vx": (eq num 38)	local matRow 38: diag entries = 8, off diag = 0
	dof 1 "vy": (eq num 39)	local matRow 39: diag entries = 8, off diag = 0
