Timestep 0: Total integrated value of 'TemperatureField-ErrorMagnitudeField' is outside a tolerance 0.035.
Timestep 5: Total integrated value of 'TemperatureField-ErrorMagnitudeField' is outside a tolerance 0.035.
Timestep 10: Total integrated value of 'TemperatureField-ErrorMagnitudeField' is outside a tolerance 0.035.
Timestep 15: Total integrated value of 'TemperatureField-ErrorMagnitudeField' is outside a tolerance 0.035.
Timestep 20: Total integrated value of 'TemperatureField-ErrorMagnitudeField' is outside a tolerance 0.035.
Timestep 25: Total integrated value of 'TemperatureField-ErrorMagnitudeField' is outside a tolerance 0.035.
Timestep 30: Total integrated value of 'TemperatureField-ErrorMagnitudeField' is outside a tolerance 0.035.
Timestep 35: Total integrated value of 'TemperatureField-ErrorMagnitudeField' is outside a tolerance 0.035.
Timestep 40: Total integrated value of 'TemperatureField-ErrorMagnitudeField' is outside a tolerance 0.035.
Timestep 45: Total integrated value of 'TemperatureField-ErrorMagnitudeField' is outside a tolerance 0.035.
Timestep 50: Total integrated value of 'TemperatureField-ErrorMagnitudeField' is outside a tolerance 0.035.
Timestep 55: Total integrated value of 'TemperatureField-ErrorMagnitudeField' is outside a tolerance 0.035.
Timestep 60: Total integrated value of 'TemperatureField-ErrorMagnitudeField' is outside a tolerance 0.035.
Timestep 65: Total integrated value of 'TemperatureField-ErrorMagnitudeField' is outside a tolerance 0.035.
Timestep 70: Total integrated value of 'TemperatureField-ErrorMagnitudeField' is outside a tolerance 0.035.
Timestep 75: Total integrated value of 'TemperatureField-ErrorMagnitudeField' is outside a tolerance 0.035.
Timestep 80: Total integrated value of 'TemperatureField-ErrorMagnitudeField' is outside a tolerance 0.035.
Timestep 85: Total integrated value of 'TemperatureField-ErrorMagnitudeField' is within a tolerance 0.035.
Timestep 90: Total integrated value of 'TemperatureField-ErrorMagnitudeField' is within a tolerance 0.035.
Timestep 95: Total integrated value of 'TemperatureField-ErrorMagnitudeField' is within a tolerance 0.035.
Timestep 100: Total integrated value of 'TemperatureField-ErrorMagnitudeField' is within a tolerance 0.035.
