StGermain Framework revision 4125. Copyright (C) 2003-2005 VPAC.
Cartesian generator: ''
	Target mesh: ''
	Global element size: 2x3x2
	Local offset of rank 0: 0x0x0
	Local range of rank 0: 2x2x2
	Generating vertices...
		... done.
	Generating elements...
		... done.
	Generating element-vertex incidence...
		... done.
	Generating vertex neighbours...
		... done.
	Generating geometry...
		... done.
	Generating element types...
		... element types are 'Mesh_HexType',
		... mesh algorithm type is 'Mesh_RegularAlgorithms',
		... done.
Watching rank: 1
Swarm (ptr): 0x807da10
Stg_Component (ptr): 0x807da10
Stg_Object (ptr): 0x807da10
	Stg_Class (ptr): 0x807da10
		sizeOfSelf: 244
		_deleteSelf: Yes
		type: Swarm
		_delete (func ptr): 0xb7f3f5a6
		_print (func ptr): 0xb7f3f783
		_copy (func ptr): 0xb7f3fd6e
	name: testSwarm
	nameAllocationType: NON_GLOBAL
	_defaultConstructor (func ptr): 0xb7f409f1
	_construct (func ptr): 0xb7f40ad0
	_build (func ptr): 0xb7f40e24
	_initialise (func ptr): 0xb7f40f34
	_execute (func ptr): 0xb7f40fc3
	_destroy (func ptr): 0xb7f40fc8
	isConstructed: True
	isBuilt: True
	isInitialised: True
	hasExecuted: False
	isDestroyed: False
	constructor function name: testSwarm-Construct
	build function name: testSwarm-Build
	initialise function name: testSwarm-Initialise
	execute function name: testSwarm-Execute
	destroy function name: testSwarm-Destroy
ElementCellLayout (ptr): 0x8072018
CellLayout (ptr): 0x8072018
Stg_Component (ptr): 0x8072018
Stg_Object (ptr): 0x8072018
	Stg_Class (ptr): 0x8072018
		sizeOfSelf: 156
		_deleteSelf: Yes
		type: ElementCellLayout
		_delete (func ptr): 0xb7f331b3
		_print (func ptr): 0xb7f331dc
		_copy (func ptr): 0xb7f33250
	name: elementCellLayout
	nameAllocationType: NON_GLOBAL
	_defaultConstructor (func ptr): 0xb7f32da0
	_construct (func ptr): 0xb7f33328
	_build (func ptr): 0xb7f333a5
	_initialise (func ptr): 0xb7f3345a
	_execute (func ptr): 0xb7f33498
	_destroy (func ptr): 0xb7f3349d
	isConstructed: True
	isBuilt: True
	isInitialised: True
	hasExecuted: False
	isDestroyed: False
	constructor function name: elementCellLayout-Construct
	build function name: elementCellLayout-Build
	initialise function name: elementCellLayout-Initialise
	execute function name: elementCellLayout-Execute
	destroy function name: elementCellLayout-Destroy
	_cellLocalCount (func ptr): 0xb7f334a2
	_cellShadowCount (func ptr): 0xb7f334e8
	_pointCount (func ptr): 0xb7f3352e
	_initialisePoints (func ptr): 0xb7f33594
	_mapElementIdToCellId (func ptr): 0xb7f3363d
	_isInCell (func ptr): 0xb7f33645
	_cellOf (func ptr): 0xb7f33699
	_getShadowInfo (func ptr): 0xb7f33711
	mesh (ptr): 0x8072c58
RandomParticleLayout (ptr): 0x807d658:
PerCellParticleLayout (ptr): 0x807d658
ParticleLayout (ptr): 0x807d658
Stg_Class (ptr): 0x807d658
	sizeOfSelf: 136
	_deleteSelf: Yes
	type: RandomParticleLayout
	_delete (func ptr): 0xb7f3d7e6
	_print (func ptr): 0xb7f3d80f
	_copy (func ptr): 0xb7f3d8a5
	_setInitialCounts (func ptr): 0xb7f3cbdd
	_initialiseParticles (func ptr): 0xb7f3cd92
	coordSystem: GlobalCoordSystem
	weightsInitialisedAtStartup : False
	_initialCount (func ptr): 0xb7f3da84
	_initialiseParticlesOfCell (func ptr): 0xb7f3da9b
	cellParticleCount: 4
	seed: 13
	cellLocalCount: 4
	cellDomainCount: 8
	cellShadowCount: 4
	cellPointCountTbl (ptr): 0x8070f98
	cellPointCountTbl[0-8]: 008 008 008 008 008 008 008 008 
	cellPointTbl (ptr): 0x807e9c8
	cellPointTbl[0-8]: {
	cellPointTbl[0][0-8]: {0 8 0} {150 8 0} {0 12 0} {150 12 0} {0 8 150} {150 8 150} {0 12 150} {150 12 150} 
	cellPointTbl[1][0-8]: {150 8 0} {300 8 0} {150 12 0} {300 12 0} {150 8 150} {300 8 150} {150 12 150} {300 12 150} 
	cellPointTbl[2][0-8]: {0 8 150} {150 8 150} {0 12 150} {150 12 150} {0 8 300} {150 8 300} {0 12 300} {150 12 300} 
	cellPointTbl[3][0-8]: {150 8 150} {300 8 150} {150 12 150} {300 12 150} {150 8 300} {300 8 300} {150 12 300} {300 12 300} 
	cellPointTbl[4][0-8]: {0 4 0} {150 4 0} {0 8 0} {150 8 0} {0 4 150} {150 4 150} {0 8 150} {150 8 150} 
	cellPointTbl[5][0-8]: {150 4 0} {300 4 0} {150 8 0} {300 8 0} {150 4 150} {300 4 150} {150 8 150} {300 8 150} 
	cellPointTbl[6][0-8]: {0 4 150} {150 4 150} {0 8 150} {150 8 150} {0 4 300} {150 4 300} {0 8 300} {150 8 300} 
	cellPointTbl[7][0-8]: {150 4 150} {300 4 150} {150 8 150} {300 8 150} {150 4 300} {300 4 300} {150 8 300} {300 8 300} 
}

	cellParticleCountTbl (ptr): 0x807eaf8
	cellParticleCountTbl[0-8]: 004 004 004 004 000 000 000 000 
	cellParticleSizeTbl (ptr): 0x807eb28
	cellParticleSizeTbl[0-8]: 004 004 004 004 000 000 000 000 
	cellParticleTbl (ptr): 0x807eb58
	cellParticleTbl [0-8]: {
		cellParticleTbl[0][0-4]:
			(part. index) 0
			(part. index) 1
			(part. index) 2
			(part. index) 3

		cellParticleTbl[1][0-4]:
			(part. index) 4
			(part. index) 5
			(part. index) 6
			(part. index) 7

		cellParticleTbl[2][0-4]:
			(part. index) 8
			(part. index) 9
			(part. index) 10
			(part. index) 11

		cellParticleTbl[3][0-4]:
			(part. index) 12
			(part. index) 13
			(part. index) 14
			(part. index) 15

		cellParticleTbl[4][0-0]:

		cellParticleTbl[5][0-0]:

		cellParticleTbl[6][0-0]:

		cellParticleTbl[7][0-0]:

	}
	particlesArraySize: 116
	particlesArrayDelta: 100
	extraParticlesFactor: 0.05

Printing coords of all local processor particles:
	local particle      0: ( 36.393,  10.685,  24.175)
	local particle      1: ( 106.19,  10.926,  13.188)
	local particle      2: ( 107.93,  8.6386,  64.247)
	local particle      3: ( 105.66,  11.401,  72.744)
	local particle      4: ( 261.92,  10.607,  15.099)
	local particle      5: ( 275.23,  8.3656,  23.032)
	local particle      6: ( 242.36,  10.759,  108.86)
	local particle      7: ( 201.31,  8.9555,  137.57)
	local particle      8: ( 91.249,  8.7051,  220.37)
	local particle      9: ( 40.359,  8.3716,  202.27)
	local particle     10: ( 60.611,   9.112,  204.88)
	local particle     11: ( 32.111,  11.509,  224.72)
	local particle     12: ( 196.11,  10.331,  252.69)
	local particle     13: ( 271.87,  9.6744,  211.88)
	local particle     14: ( 162.47,  10.951,  256.25)
	local particle     15: ( 218.88,   8.529,  272.07)

Printing coords of all local particles, cell-by-cell:
	Local Cell   0:
		part. InCell   0 (local index      0): ( 36.393,  10.685,  24.175)
		part. InCell   1 (local index      1): ( 106.19,  10.926,  13.188)
		part. InCell   2 (local index      2): ( 107.93,  8.6386,  64.247)
		part. InCell   3 (local index      3): ( 105.66,  11.401,  72.744)
	Local Cell   1:
		part. InCell   0 (local index      4): ( 261.92,  10.607,  15.099)
		part. InCell   1 (local index      5): ( 275.23,  8.3656,  23.032)
		part. InCell   2 (local index      6): ( 242.36,  10.759,  108.86)
		part. InCell   3 (local index      7): ( 201.31,  8.9555,  137.57)
	Local Cell   2:
		part. InCell   0 (local index      8): ( 91.249,  8.7051,  220.37)
		part. InCell   1 (local index      9): ( 40.359,  8.3716,  202.27)
		part. InCell   2 (local index     10): ( 60.611,   9.112,  204.88)
		part. InCell   3 (local index     11): ( 32.111,  11.509,  224.72)
	Local Cell   3:
		part. InCell   0 (local index     12): ( 196.11,  10.331,  252.69)
		part. InCell   1 (local index     13): ( 271.87,  9.6744,  211.88)
		part. InCell   2 (local index     14): ( 162.47,  10.951,  256.25)
		part. InCell   3 (local index     15): ( 218.88,   8.529,  272.07)
