StGermain Framework revision 4149. Copyright (C) 2003-2005 VPAC.
Watching rank: 0
Cartesian generator: 'cartesianGenerator'
	Target mesh: 'mesh-linear'
	Global element size: 12x12x12
	Local offset of rank 0: 0x0x0
	Local range of rank 0: 6x12x12
	Generating vertices...
		... done.
	Generating elements...
		... done.
	Generating element-vertex incidence...
		... done.
	Generating vertex neighbours...
		... done.
	Generating geometry...
		... done.
	Generating element types...
		... element types are 'Mesh_HexType',
		... mesh algorithm type is 'Mesh_RegularAlgorithms',
		... done.
Run until 5 timeSteps have been run
TimeStep = 1, Start time = 0 + 2 prev timeStep dt
TimeStep = 2, Start time = 2 + 2 prev timeStep dt
TimeStep = 3, Start time = 4 + 2 prev timeStep dt
TimeStep = 4, Start time = 6 + 2 prev timeStep dt
TimeStep = 5, Start time = 8 + 2 prev timeStep dt
Shadow particle validation: passed
