Timestep 0: Total integrated value of 'VelocityField-ErrorMagnitudeField' is outside a tolerance 1e-06.
Timestep 1: Total integrated value of 'VelocityField-ErrorMagnitudeField' is within a tolerance 1e-06.
Timestep 2: Total integrated value of 'VelocityField-ErrorMagnitudeField' is within a tolerance 1e-06.
Timestep 3: Total integrated value of 'VelocityField-ErrorMagnitudeField' is within a tolerance 1e-06.
