StGermain Framework. Copyright (C) 2003-2005 VPAC.
StGermain Discretisation Library. Copyright (C) 2003-2005 VPAC.
StGermain FEM Discretisation Framework. Copyright (C) 2003-2005 VPAC.
Watching rank: 0
my val = 3 
Ni[0] = 0.052734 
Ni[1] = 0.087891 
Ni[2] = 0.146484 
Ni[3] = 0.087891 
Ni[4] = 0.087891 
Ni[5] = 0.146484 
Ni[6] = 0.244141 
Ni[7] = 0.146484 
Testing Global Coord -> ElLocal coord conversion:
Element 0:
Global coord (0.0,0.0,0.0) maps to elLocal (-1.0,-1.0,-1.0)
Global coord (0.0,0.0,0.2) maps to elLocal (-1.0,-1.0,-0.6)
Global coord (0.0,0.0,0.4) maps to elLocal (-1.0,-1.0,-0.2)
Global coord (0.0,0.0,0.6) maps to elLocal (-1.0,-1.0,0.2)
Global coord (0.0,0.0,0.8) maps to elLocal (-1.0,-1.0,0.6)
Global coord (0.0,0.0,1.0) maps to elLocal (-1.0,-1.0,1.0)
Global coord (0.0,0.2,0.0) maps to elLocal (-1.0,-0.6,-1.0)
Global coord (0.0,0.2,0.2) maps to elLocal (-1.0,-0.6,-0.6)
Global coord (0.0,0.2,0.4) maps to elLocal (-1.0,-0.6,-0.2)
Global coord (0.0,0.2,0.6) maps to elLocal (-1.0,-0.6,0.2)
Global coord (0.0,0.2,0.8) maps to elLocal (-1.0,-0.6,0.6)
Global coord (0.0,0.2,1.0) maps to elLocal (-1.0,-0.6,1.0)
Global coord (0.0,0.4,0.0) maps to elLocal (-1.0,-0.2,-1.0)
Global coord (0.0,0.4,0.2) maps to elLocal (-1.0,-0.2,-0.6)
Global coord (0.0,0.4,0.4) maps to elLocal (-1.0,-0.2,-0.2)
Global coord (0.0,0.4,0.6) maps to elLocal (-1.0,-0.2,0.2)
Global coord (0.0,0.4,0.8) maps to elLocal (-1.0,-0.2,0.6)
Global coord (0.0,0.4,1.0) maps to elLocal (-1.0,-0.2,1.0)
Global coord (0.0,0.6,0.0) maps to elLocal (-1.0,0.2,-1.0)
Global coord (0.0,0.6,0.2) maps to elLocal (-1.0,0.2,-0.6)
Global coord (0.0,0.6,0.4) maps to elLocal (-1.0,0.2,-0.2)
Global coord (0.0,0.6,0.6) maps to elLocal (-1.0,0.2,0.2)
Global coord (0.0,0.6,0.8) maps to elLocal (-1.0,0.2,0.6)
Global coord (0.0,0.6,1.0) maps to elLocal (-1.0,0.2,1.0)
Global coord (0.0,0.8,0.0) maps to elLocal (-1.0,0.6,-1.0)
Global coord (0.0,0.8,0.2) maps to elLocal (-1.0,0.6,-0.6)
Global coord (0.0,0.8,0.4) maps to elLocal (-1.0,0.6,-0.2)
Global coord (0.0,0.8,0.6) maps to elLocal (-1.0,0.6,0.2)
Global coord (0.0,0.8,0.8) maps to elLocal (-1.0,0.6,0.6)
Global coord (0.0,0.8,1.0) maps to elLocal (-1.0,0.6,1.0)
Global coord (0.0,1.0,0.0) maps to elLocal (-1.0,1.0,-1.0)
Global coord (0.0,1.0,0.2) maps to elLocal (-1.0,1.0,-0.6)
Global coord (0.0,1.0,0.4) maps to elLocal (-1.0,1.0,-0.2)
Global coord (0.0,1.0,0.6) maps to elLocal (-1.0,1.0,0.2)
Global coord (0.0,1.0,0.8) maps to elLocal (-1.0,1.0,0.6)
Global coord (0.0,1.0,1.0) maps to elLocal (-1.0,1.0,1.0)
Global coord (0.2,0.0,0.0) maps to elLocal (-0.6,-1.0,-1.0)
Global coord (0.2,0.0,0.2) maps to elLocal (-0.6,-1.0,-0.6)
Global coord (0.2,0.0,0.4) maps to elLocal (-0.6,-1.0,-0.2)
Global coord (0.2,0.0,0.6) maps to elLocal (-0.6,-1.0,0.2)
Global coord (0.2,0.0,0.8) maps to elLocal (-0.6,-1.0,0.6)
Global coord (0.2,0.0,1.0) maps to elLocal (-0.6,-1.0,1.0)
Global coord (0.2,0.2,0.0) maps to elLocal (-0.6,-0.6,-1.0)
Global coord (0.2,0.2,0.2) maps to elLocal (-0.6,-0.6,-0.6)
Global coord (0.2,0.2,0.4) maps to elLocal (-0.6,-0.6,-0.2)
Global coord (0.2,0.2,0.6) maps to elLocal (-0.6,-0.6,0.2)
Global coord (0.2,0.2,0.8) maps to elLocal (-0.6,-0.6,0.6)
Global coord (0.2,0.2,1.0) maps to elLocal (-0.6,-0.6,1.0)
Global coord (0.2,0.4,0.0) maps to elLocal (-0.6,-0.2,-1.0)
Global coord (0.2,0.4,0.2) maps to elLocal (-0.6,-0.2,-0.6)
Global coord (0.2,0.4,0.4) maps to elLocal (-0.6,-0.2,-0.2)
Global coord (0.2,0.4,0.6) maps to elLocal (-0.6,-0.2,0.2)
Global coord (0.2,0.4,0.8) maps to elLocal (-0.6,-0.2,0.6)
Global coord (0.2,0.4,1.0) maps to elLocal (-0.6,-0.2,1.0)
Global coord (0.2,0.6,0.0) maps to elLocal (-0.6,0.2,-1.0)
Global coord (0.2,0.6,0.2) maps to elLocal (-0.6,0.2,-0.6)
Global coord (0.2,0.6,0.4) maps to elLocal (-0.6,0.2,-0.2)
Global coord (0.2,0.6,0.6) maps to elLocal (-0.6,0.2,0.2)
Global coord (0.2,0.6,0.8) maps to elLocal (-0.6,0.2,0.6)
Global coord (0.2,0.6,1.0) maps to elLocal (-0.6,0.2,1.0)
Global coord (0.2,0.8,0.0) maps to elLocal (-0.6,0.6,-1.0)
Global coord (0.2,0.8,0.2) maps to elLocal (-0.6,0.6,-0.6)
Global coord (0.2,0.8,0.4) maps to elLocal (-0.6,0.6,-0.2)
Global coord (0.2,0.8,0.6) maps to elLocal (-0.6,0.6,0.2)
Global coord (0.2,0.8,0.8) maps to elLocal (-0.6,0.6,0.6)
Global coord (0.2,0.8,1.0) maps to elLocal (-0.6,0.6,1.0)
Global coord (0.2,1.0,0.0) maps to elLocal (-0.6,1.0,-1.0)
Global coord (0.2,1.0,0.2) maps to elLocal (-0.6,1.0,-0.6)
Global coord (0.2,1.0,0.4) maps to elLocal (-0.6,1.0,-0.2)
Global coord (0.2,1.0,0.6) maps to elLocal (-0.6,1.0,0.2)
Global coord (0.2,1.0,0.8) maps to elLocal (-0.6,1.0,0.6)
Global coord (0.2,1.0,1.0) maps to elLocal (-0.6,1.0,1.0)
Global coord (0.4,0.0,0.0) maps to elLocal (-0.2,-1.0,-1.0)
Global coord (0.4,0.0,0.2) maps to elLocal (-0.2,-1.0,-0.6)
Global coord (0.4,0.0,0.4) maps to elLocal (-0.2,-1.0,-0.2)
Global coord (0.4,0.0,0.6) maps to elLocal (-0.2,-1.0,0.2)
Global coord (0.4,0.0,0.8) maps to elLocal (-0.2,-1.0,0.6)
Global coord (0.4,0.0,1.0) maps to elLocal (-0.2,-1.0,1.0)
Global coord (0.4,0.2,0.0) maps to elLocal (-0.2,-0.6,-1.0)
Global coord (0.4,0.2,0.2) maps to elLocal (-0.2,-0.6,-0.6)
Global coord (0.4,0.2,0.4) maps to elLocal (-0.2,-0.6,-0.2)
Global coord (0.4,0.2,0.6) maps to elLocal (-0.2,-0.6,0.2)
Global coord (0.4,0.2,0.8) maps to elLocal (-0.2,-0.6,0.6)
Global coord (0.4,0.2,1.0) maps to elLocal (-0.2,-0.6,1.0)
Global coord (0.4,0.4,0.0) maps to elLocal (-0.2,-0.2,-1.0)
Global coord (0.4,0.4,0.2) maps to elLocal (-0.2,-0.2,-0.6)
Global coord (0.4,0.4,0.4) maps to elLocal (-0.2,-0.2,-0.2)
Global coord (0.4,0.4,0.6) maps to elLocal (-0.2,-0.2,0.2)
Global coord (0.4,0.4,0.8) maps to elLocal (-0.2,-0.2,0.6)
Global coord (0.4,0.4,1.0) maps to elLocal (-0.2,-0.2,1.0)
Global coord (0.4,0.6,0.0) maps to elLocal (-0.2,0.2,-1.0)
Global coord (0.4,0.6,0.2) maps to elLocal (-0.2,0.2,-0.6)
Global coord (0.4,0.6,0.4) maps to elLocal (-0.2,0.2,-0.2)
Global coord (0.4,0.6,0.6) maps to elLocal (-0.2,0.2,0.2)
Global coord (0.4,0.6,0.8) maps to elLocal (-0.2,0.2,0.6)
Global coord (0.4,0.6,1.0) maps to elLocal (-0.2,0.2,1.0)
Global coord (0.4,0.8,0.0) maps to elLocal (-0.2,0.6,-1.0)
Global coord (0.4,0.8,0.2) maps to elLocal (-0.2,0.6,-0.6)
Global coord (0.4,0.8,0.4) maps to elLocal (-0.2,0.6,-0.2)
Global coord (0.4,0.8,0.6) maps to elLocal (-0.2,0.6,0.2)
Global coord (0.4,0.8,0.8) maps to elLocal (-0.2,0.6,0.6)
Global coord (0.4,0.8,1.0) maps to elLocal (-0.2,0.6,1.0)
Global coord (0.4,1.0,0.0) maps to elLocal (-0.2,1.0,-1.0)
Global coord (0.4,1.0,0.2) maps to elLocal (-0.2,1.0,-0.6)
Global coord (0.4,1.0,0.4) maps to elLocal (-0.2,1.0,-0.2)
Global coord (0.4,1.0,0.6) maps to elLocal (-0.2,1.0,0.2)
Global coord (0.4,1.0,0.8) maps to elLocal (-0.2,1.0,0.6)
Global coord (0.4,1.0,1.0) maps to elLocal (-0.2,1.0,1.0)
Global coord (0.6,0.0,0.0) maps to elLocal (0.2,-1.0,-1.0)
Global coord (0.6,0.0,0.2) maps to elLocal (0.2,-1.0,-0.6)
Global coord (0.6,0.0,0.4) maps to elLocal (0.2,-1.0,-0.2)
Global coord (0.6,0.0,0.6) maps to elLocal (0.2,-1.0,0.2)
Global coord (0.6,0.0,0.8) maps to elLocal (0.2,-1.0,0.6)
Global coord (0.6,0.0,1.0) maps to elLocal (0.2,-1.0,1.0)
Global coord (0.6,0.2,0.0) maps to elLocal (0.2,-0.6,-1.0)
Global coord (0.6,0.2,0.2) maps to elLocal (0.2,-0.6,-0.6)
Global coord (0.6,0.2,0.4) maps to elLocal (0.2,-0.6,-0.2)
Global coord (0.6,0.2,0.6) maps to elLocal (0.2,-0.6,0.2)
Global coord (0.6,0.2,0.8) maps to elLocal (0.2,-0.6,0.6)
Global coord (0.6,0.2,1.0) maps to elLocal (0.2,-0.6,1.0)
Global coord (0.6,0.4,0.0) maps to elLocal (0.2,-0.2,-1.0)
Global coord (0.6,0.4,0.2) maps to elLocal (0.2,-0.2,-0.6)
Global coord (0.6,0.4,0.4) maps to elLocal (0.2,-0.2,-0.2)
Global coord (0.6,0.4,0.6) maps to elLocal (0.2,-0.2,0.2)
Global coord (0.6,0.4,0.8) maps to elLocal (0.2,-0.2,0.6)
Global coord (0.6,0.4,1.0) maps to elLocal (0.2,-0.2,1.0)
Global coord (0.6,0.6,0.0) maps to elLocal (0.2,0.2,-1.0)
Global coord (0.6,0.6,0.2) maps to elLocal (0.2,0.2,-0.6)
Global coord (0.6,0.6,0.4) maps to elLocal (0.2,0.2,-0.2)
Global coord (0.6,0.6,0.6) maps to elLocal (0.2,0.2,0.2)
Global coord (0.6,0.6,0.8) maps to elLocal (0.2,0.2,0.6)
Global coord (0.6,0.6,1.0) maps to elLocal (0.2,0.2,1.0)
Global coord (0.6,0.8,0.0) maps to elLocal (0.2,0.6,-1.0)
Global coord (0.6,0.8,0.2) maps to elLocal (0.2,0.6,-0.6)
Global coord (0.6,0.8,0.4) maps to elLocal (0.2,0.6,-0.2)
Global coord (0.6,0.8,0.6) maps to elLocal (0.2,0.6,0.2)
Global coord (0.6,0.8,0.8) maps to elLocal (0.2,0.6,0.6)
Global coord (0.6,0.8,1.0) maps to elLocal (0.2,0.6,1.0)
Global coord (0.6,1.0,0.0) maps to elLocal (0.2,1.0,-1.0)
Global coord (0.6,1.0,0.2) maps to elLocal (0.2,1.0,-0.6)
Global coord (0.6,1.0,0.4) maps to elLocal (0.2,1.0,-0.2)
Global coord (0.6,1.0,0.6) maps to elLocal (0.2,1.0,0.2)
Global coord (0.6,1.0,0.8) maps to elLocal (0.2,1.0,0.6)
Global coord (0.6,1.0,1.0) maps to elLocal (0.2,1.0,1.0)
Global coord (0.8,0.0,0.0) maps to elLocal (0.6,-1.0,-1.0)
Global coord (0.8,0.0,0.2) maps to elLocal (0.6,-1.0,-0.6)
Global coord (0.8,0.0,0.4) maps to elLocal (0.6,-1.0,-0.2)
Global coord (0.8,0.0,0.6) maps to elLocal (0.6,-1.0,0.2)
Global coord (0.8,0.0,0.8) maps to elLocal (0.6,-1.0,0.6)
Global coord (0.8,0.0,1.0) maps to elLocal (0.6,-1.0,1.0)
Global coord (0.8,0.2,0.0) maps to elLocal (0.6,-0.6,-1.0)
Global coord (0.8,0.2,0.2) maps to elLocal (0.6,-0.6,-0.6)
Global coord (0.8,0.2,0.4) maps to elLocal (0.6,-0.6,-0.2)
Global coord (0.8,0.2,0.6) maps to elLocal (0.6,-0.6,0.2)
Global coord (0.8,0.2,0.8) maps to elLocal (0.6,-0.6,0.6)
Global coord (0.8,0.2,1.0) maps to elLocal (0.6,-0.6,1.0)
Global coord (0.8,0.4,0.0) maps to elLocal (0.6,-0.2,-1.0)
Global coord (0.8,0.4,0.2) maps to elLocal (0.6,-0.2,-0.6)
Global coord (0.8,0.4,0.4) maps to elLocal (0.6,-0.2,-0.2)
Global coord (0.8,0.4,0.6) maps to elLocal (0.6,-0.2,0.2)
Global coord (0.8,0.4,0.8) maps to elLocal (0.6,-0.2,0.6)
Global coord (0.8,0.4,1.0) maps to elLocal (0.6,-0.2,1.0)
Global coord (0.8,0.6,0.0) maps to elLocal (0.6,0.2,-1.0)
Global coord (0.8,0.6,0.2) maps to elLocal (0.6,0.2,-0.6)
Global coord (0.8,0.6,0.4) maps to elLocal (0.6,0.2,-0.2)
Global coord (0.8,0.6,0.6) maps to elLocal (0.6,0.2,0.2)
Global coord (0.8,0.6,0.8) maps to elLocal (0.6,0.2,0.6)
Global coord (0.8,0.6,1.0) maps to elLocal (0.6,0.2,1.0)
Global coord (0.8,0.8,0.0) maps to elLocal (0.6,0.6,-1.0)
Global coord (0.8,0.8,0.2) maps to elLocal (0.6,0.6,-0.6)
Global coord (0.8,0.8,0.4) maps to elLocal (0.6,0.6,-0.2)
Global coord (0.8,0.8,0.6) maps to elLocal (0.6,0.6,0.2)
Global coord (0.8,0.8,0.8) maps to elLocal (0.6,0.6,0.6)
Global coord (0.8,0.8,1.0) maps to elLocal (0.6,0.6,1.0)
Global coord (0.8,1.0,0.0) maps to elLocal (0.6,1.0,-1.0)
Global coord (0.8,1.0,0.2) maps to elLocal (0.6,1.0,-0.6)
Global coord (0.8,1.0,0.4) maps to elLocal (0.6,1.0,-0.2)
Global coord (0.8,1.0,0.6) maps to elLocal (0.6,1.0,0.2)
Global coord (0.8,1.0,0.8) maps to elLocal (0.6,1.0,0.6)
Global coord (0.8,1.0,1.0) maps to elLocal (0.6,1.0,1.0)
Global coord (1.0,0.0,0.0) maps to elLocal (1.0,-1.0,-1.0)
Global coord (1.0,0.0,0.2) maps to elLocal (1.0,-1.0,-0.6)
Global coord (1.0,0.0,0.4) maps to elLocal (1.0,-1.0,-0.2)
Global coord (1.0,0.0,0.6) maps to elLocal (1.0,-1.0,0.2)
Global coord (1.0,0.0,0.8) maps to elLocal (1.0,-1.0,0.6)
Global coord (1.0,0.0,1.0) maps to elLocal (1.0,-1.0,1.0)
Global coord (1.0,0.2,0.0) maps to elLocal (1.0,-0.6,-1.0)
Global coord (1.0,0.2,0.2) maps to elLocal (1.0,-0.6,-0.6)
Global coord (1.0,0.2,0.4) maps to elLocal (1.0,-0.6,-0.2)
Global coord (1.0,0.2,0.6) maps to elLocal (1.0,-0.6,0.2)
Global coord (1.0,0.2,0.8) maps to elLocal (1.0,-0.6,0.6)
Global coord (1.0,0.2,1.0) maps to elLocal (1.0,-0.6,1.0)
Global coord (1.0,0.4,0.0) maps to elLocal (1.0,-0.2,-1.0)
Global coord (1.0,0.4,0.2) maps to elLocal (1.0,-0.2,-0.6)
Global coord (1.0,0.4,0.4) maps to elLocal (1.0,-0.2,-0.2)
Global coord (1.0,0.4,0.6) maps to elLocal (1.0,-0.2,0.2)
Global coord (1.0,0.4,0.8) maps to elLocal (1.0,-0.2,0.6)
Global coord (1.0,0.4,1.0) maps to elLocal (1.0,-0.2,1.0)
Global coord (1.0,0.6,0.0) maps to elLocal (1.0,0.2,-1.0)
Global coord (1.0,0.6,0.2) maps to elLocal (1.0,0.2,-0.6)
Global coord (1.0,0.6,0.4) maps to elLocal (1.0,0.2,-0.2)
Global coord (1.0,0.6,0.6) maps to elLocal (1.0,0.2,0.2)
Global coord (1.0,0.6,0.8) maps to elLocal (1.0,0.2,0.6)
Global coord (1.0,0.6,1.0) maps to elLocal (1.0,0.2,1.0)
Global coord (1.0,0.8,0.0) maps to elLocal (1.0,0.6,-1.0)
Global coord (1.0,0.8,0.2) maps to elLocal (1.0,0.6,-0.6)
Global coord (1.0,0.8,0.4) maps to elLocal (1.0,0.6,-0.2)
Global coord (1.0,0.8,0.6) maps to elLocal (1.0,0.6,0.2)
Global coord (1.0,0.8,0.8) maps to elLocal (1.0,0.6,0.6)
Global coord (1.0,0.8,1.0) maps to elLocal (1.0,0.6,1.0)
Global coord (1.0,1.0,0.0) maps to elLocal (1.0,1.0,-1.0)
Global coord (1.0,1.0,0.2) maps to elLocal (1.0,1.0,-0.6)
Global coord (1.0,1.0,0.4) maps to elLocal (1.0,1.0,-0.2)
Global coord (1.0,1.0,0.6) maps to elLocal (1.0,1.0,0.2)
Global coord (1.0,1.0,0.8) maps to elLocal (1.0,1.0,0.6)
Global coord (1.0,1.0,1.0) maps to elLocal (1.0,1.0,1.0)
Element 1:
Global coord (1.0,0.0,0.0) maps to elLocal (-1.0,-1.0,-1.0)
Global coord (1.0,0.0,0.2) maps to elLocal (-1.0,-1.0,-0.6)
Global coord (1.0,0.0,0.4) maps to elLocal (-1.0,-1.0,-0.2)
Global coord (1.0,0.0,0.6) maps to elLocal (-1.0,-1.0,0.2)
Global coord (1.0,0.0,0.8) maps to elLocal (-1.0,-1.0,0.6)
Global coord (1.0,0.0,1.0) maps to elLocal (-1.0,-1.0,1.0)
Global coord (1.0,0.2,0.0) maps to elLocal (-1.0,-0.6,-1.0)
Global coord (1.0,0.2,0.2) maps to elLocal (-1.0,-0.6,-0.6)
Global coord (1.0,0.2,0.4) maps to elLocal (-1.0,-0.6,-0.2)
Global coord (1.0,0.2,0.6) maps to elLocal (-1.0,-0.6,0.2)
Global coord (1.0,0.2,0.8) maps to elLocal (-1.0,-0.6,0.6)
Global coord (1.0,0.2,1.0) maps to elLocal (-1.0,-0.6,1.0)
Global coord (1.0,0.4,0.0) maps to elLocal (-1.0,-0.2,-1.0)
Global coord (1.0,0.4,0.2) maps to elLocal (-1.0,-0.2,-0.6)
Global coord (1.0,0.4,0.4) maps to elLocal (-1.0,-0.2,-0.2)
Global coord (1.0,0.4,0.6) maps to elLocal (-1.0,-0.2,0.2)
Global coord (1.0,0.4,0.8) maps to elLocal (-1.0,-0.2,0.6)
Global coord (1.0,0.4,1.0) maps to elLocal (-1.0,-0.2,1.0)
Global coord (1.0,0.6,0.0) maps to elLocal (-1.0,0.2,-1.0)
Global coord (1.0,0.6,0.2) maps to elLocal (-1.0,0.2,-0.6)
Global coord (1.0,0.6,0.4) maps to elLocal (-1.0,0.2,-0.2)
Global coord (1.0,0.6,0.6) maps to elLocal (-1.0,0.2,0.2)
Global coord (1.0,0.6,0.8) maps to elLocal (-1.0,0.2,0.6)
Global coord (1.0,0.6,1.0) maps to elLocal (-1.0,0.2,1.0)
Global coord (1.0,0.8,0.0) maps to elLocal (-1.0,0.6,-1.0)
Global coord (1.0,0.8,0.2) maps to elLocal (-1.0,0.6,-0.6)
Global coord (1.0,0.8,0.4) maps to elLocal (-1.0,0.6,-0.2)
Global coord (1.0,0.8,0.6) maps to elLocal (-1.0,0.6,0.2)
Global coord (1.0,0.8,0.8) maps to elLocal (-1.0,0.6,0.6)
Global coord (1.0,0.8,1.0) maps to elLocal (-1.0,0.6,1.0)
Global coord (1.0,1.0,0.0) maps to elLocal (-1.0,1.0,-1.0)
Global coord (1.0,1.0,0.2) maps to elLocal (-1.0,1.0,-0.6)
Global coord (1.0,1.0,0.4) maps to elLocal (-1.0,1.0,-0.2)
Global coord (1.0,1.0,0.6) maps to elLocal (-1.0,1.0,0.2)
Global coord (1.0,1.0,0.8) maps to elLocal (-1.0,1.0,0.6)
Global coord (1.0,1.0,1.0) maps to elLocal (-1.0,1.0,1.0)
Global coord (1.2,0.0,0.0) maps to elLocal (-0.6,-1.0,-1.0)
Global coord (1.2,0.0,0.2) maps to elLocal (-0.6,-1.0,-0.6)
Global coord (1.2,0.0,0.4) maps to elLocal (-0.6,-1.0,-0.2)
Global coord (1.2,0.0,0.6) maps to elLocal (-0.6,-1.0,0.2)
Global coord (1.2,0.0,0.8) maps to elLocal (-0.6,-1.0,0.6)
Global coord (1.2,0.0,1.0) maps to elLocal (-0.6,-1.0,1.0)
Global coord (1.2,0.2,0.0) maps to elLocal (-0.6,-0.6,-1.0)
Global coord (1.2,0.2,0.2) maps to elLocal (-0.6,-0.6,-0.6)
Global coord (1.2,0.2,0.4) maps to elLocal (-0.6,-0.6,-0.2)
Global coord (1.2,0.2,0.6) maps to elLocal (-0.6,-0.6,0.2)
Global coord (1.2,0.2,0.8) maps to elLocal (-0.6,-0.6,0.6)
Global coord (1.2,0.2,1.0) maps to elLocal (-0.6,-0.6,1.0)
Global coord (1.2,0.4,0.0) maps to elLocal (-0.6,-0.2,-1.0)
Global coord (1.2,0.4,0.2) maps to elLocal (-0.6,-0.2,-0.6)
Global coord (1.2,0.4,0.4) maps to elLocal (-0.6,-0.2,-0.2)
Global coord (1.2,0.4,0.6) maps to elLocal (-0.6,-0.2,0.2)
Global coord (1.2,0.4,0.8) maps to elLocal (-0.6,-0.2,0.6)
Global coord (1.2,0.4,1.0) maps to elLocal (-0.6,-0.2,1.0)
Global coord (1.2,0.6,0.0) maps to elLocal (-0.6,0.2,-1.0)
Global coord (1.2,0.6,0.2) maps to elLocal (-0.6,0.2,-0.6)
Global coord (1.2,0.6,0.4) maps to elLocal (-0.6,0.2,-0.2)
Global coord (1.2,0.6,0.6) maps to elLocal (-0.6,0.2,0.2)
Global coord (1.2,0.6,0.8) maps to elLocal (-0.6,0.2,0.6)
Global coord (1.2,0.6,1.0) maps to elLocal (-0.6,0.2,1.0)
Global coord (1.2,0.8,0.0) maps to elLocal (-0.6,0.6,-1.0)
Global coord (1.2,0.8,0.2) maps to elLocal (-0.6,0.6,-0.6)
Global coord (1.2,0.8,0.4) maps to elLocal (-0.6,0.6,-0.2)
Global coord (1.2,0.8,0.6) maps to elLocal (-0.6,0.6,0.2)
Global coord (1.2,0.8,0.8) maps to elLocal (-0.6,0.6,0.6)
Global coord (1.2,0.8,1.0) maps to elLocal (-0.6,0.6,1.0)
Global coord (1.2,1.0,0.0) maps to elLocal (-0.6,1.0,-1.0)
Global coord (1.2,1.0,0.2) maps to elLocal (-0.6,1.0,-0.6)
Global coord (1.2,1.0,0.4) maps to elLocal (-0.6,1.0,-0.2)
Global coord (1.2,1.0,0.6) maps to elLocal (-0.6,1.0,0.2)
Global coord (1.2,1.0,0.8) maps to elLocal (-0.6,1.0,0.6)
Global coord (1.2,1.0,1.0) maps to elLocal (-0.6,1.0,1.0)
Global coord (1.4,0.0,0.0) maps to elLocal (-0.2,-1.0,-1.0)
Global coord (1.4,0.0,0.2) maps to elLocal (-0.2,-1.0,-0.6)
Global coord (1.4,0.0,0.4) maps to elLocal (-0.2,-1.0,-0.2)
Global coord (1.4,0.0,0.6) maps to elLocal (-0.2,-1.0,0.2)
Global coord (1.4,0.0,0.8) maps to elLocal (-0.2,-1.0,0.6)
Global coord (1.4,0.0,1.0) maps to elLocal (-0.2,-1.0,1.0)
Global coord (1.4,0.2,0.0) maps to elLocal (-0.2,-0.6,-1.0)
Global coord (1.4,0.2,0.2) maps to elLocal (-0.2,-0.6,-0.6)
Global coord (1.4,0.2,0.4) maps to elLocal (-0.2,-0.6,-0.2)
Global coord (1.4,0.2,0.6) maps to elLocal (-0.2,-0.6,0.2)
Global coord (1.4,0.2,0.8) maps to elLocal (-0.2,-0.6,0.6)
Global coord (1.4,0.2,1.0) maps to elLocal (-0.2,-0.6,1.0)
Global coord (1.4,0.4,0.0) maps to elLocal (-0.2,-0.2,-1.0)
Global coord (1.4,0.4,0.2) maps to elLocal (-0.2,-0.2,-0.6)
Global coord (1.4,0.4,0.4) maps to elLocal (-0.2,-0.2,-0.2)
Global coord (1.4,0.4,0.6) maps to elLocal (-0.2,-0.2,0.2)
Global coord (1.4,0.4,0.8) maps to elLocal (-0.2,-0.2,0.6)
Global coord (1.4,0.4,1.0) maps to elLocal (-0.2,-0.2,1.0)
Global coord (1.4,0.6,0.0) maps to elLocal (-0.2,0.2,-1.0)
Global coord (1.4,0.6,0.2) maps to elLocal (-0.2,0.2,-0.6)
Global coord (1.4,0.6,0.4) maps to elLocal (-0.2,0.2,-0.2)
Global coord (1.4,0.6,0.6) maps to elLocal (-0.2,0.2,0.2)
Global coord (1.4,0.6,0.8) maps to elLocal (-0.2,0.2,0.6)
Global coord (1.4,0.6,1.0) maps to elLocal (-0.2,0.2,1.0)
Global coord (1.4,0.8,0.0) maps to elLocal (-0.2,0.6,-1.0)
Global coord (1.4,0.8,0.2) maps to elLocal (-0.2,0.6,-0.6)
Global coord (1.4,0.8,0.4) maps to elLocal (-0.2,0.6,-0.2)
Global coord (1.4,0.8,0.6) maps to elLocal (-0.2,0.6,0.2)
Global coord (1.4,0.8,0.8) maps to elLocal (-0.2,0.6,0.6)
Global coord (1.4,0.8,1.0) maps to elLocal (-0.2,0.6,1.0)
Global coord (1.4,1.0,0.0) maps to elLocal (-0.2,1.0,-1.0)
Global coord (1.4,1.0,0.2) maps to elLocal (-0.2,1.0,-0.6)
Global coord (1.4,1.0,0.4) maps to elLocal (-0.2,1.0,-0.2)
Global coord (1.4,1.0,0.6) maps to elLocal (-0.2,1.0,0.2)
Global coord (1.4,1.0,0.8) maps to elLocal (-0.2,1.0,0.6)
Global coord (1.4,1.0,1.0) maps to elLocal (-0.2,1.0,1.0)
Global coord (1.6,0.0,0.0) maps to elLocal (0.2,-1.0,-1.0)
Global coord (1.6,0.0,0.2) maps to elLocal (0.2,-1.0,-0.6)
Global coord (1.6,0.0,0.4) maps to elLocal (0.2,-1.0,-0.2)
Global coord (1.6,0.0,0.6) maps to elLocal (0.2,-1.0,0.2)
Global coord (1.6,0.0,0.8) maps to elLocal (0.2,-1.0,0.6)
Global coord (1.6,0.0,1.0) maps to elLocal (0.2,-1.0,1.0)
Global coord (1.6,0.2,0.0) maps to elLocal (0.2,-0.6,-1.0)
Global coord (1.6,0.2,0.2) maps to elLocal (0.2,-0.6,-0.6)
Global coord (1.6,0.2,0.4) maps to elLocal (0.2,-0.6,-0.2)
Global coord (1.6,0.2,0.6) maps to elLocal (0.2,-0.6,0.2)
Global coord (1.6,0.2,0.8) maps to elLocal (0.2,-0.6,0.6)
Global coord (1.6,0.2,1.0) maps to elLocal (0.2,-0.6,1.0)
Global coord (1.6,0.4,0.0) maps to elLocal (0.2,-0.2,-1.0)
Global coord (1.6,0.4,0.2) maps to elLocal (0.2,-0.2,-0.6)
Global coord (1.6,0.4,0.4) maps to elLocal (0.2,-0.2,-0.2)
Global coord (1.6,0.4,0.6) maps to elLocal (0.2,-0.2,0.2)
Global coord (1.6,0.4,0.8) maps to elLocal (0.2,-0.2,0.6)
Global coord (1.6,0.4,1.0) maps to elLocal (0.2,-0.2,1.0)
Global coord (1.6,0.6,0.0) maps to elLocal (0.2,0.2,-1.0)
Global coord (1.6,0.6,0.2) maps to elLocal (0.2,0.2,-0.6)
Global coord (1.6,0.6,0.4) maps to elLocal (0.2,0.2,-0.2)
Global coord (1.6,0.6,0.6) maps to elLocal (0.2,0.2,0.2)
Global coord (1.6,0.6,0.8) maps to elLocal (0.2,0.2,0.6)
Global coord (1.6,0.6,1.0) maps to elLocal (0.2,0.2,1.0)
Global coord (1.6,0.8,0.0) maps to elLocal (0.2,0.6,-1.0)
Global coord (1.6,0.8,0.2) maps to elLocal (0.2,0.6,-0.6)
Global coord (1.6,0.8,0.4) maps to elLocal (0.2,0.6,-0.2)
Global coord (1.6,0.8,0.6) maps to elLocal (0.2,0.6,0.2)
Global coord (1.6,0.8,0.8) maps to elLocal (0.2,0.6,0.6)
Global coord (1.6,0.8,1.0) maps to elLocal (0.2,0.6,1.0)
Global coord (1.6,1.0,0.0) maps to elLocal (0.2,1.0,-1.0)
Global coord (1.6,1.0,0.2) maps to elLocal (0.2,1.0,-0.6)
Global coord (1.6,1.0,0.4) maps to elLocal (0.2,1.0,-0.2)
Global coord (1.6,1.0,0.6) maps to elLocal (0.2,1.0,0.2)
Global coord (1.6,1.0,0.8) maps to elLocal (0.2,1.0,0.6)
Global coord (1.6,1.0,1.0) maps to elLocal (0.2,1.0,1.0)
Global coord (1.8,0.0,0.0) maps to elLocal (0.6,-1.0,-1.0)
Global coord (1.8,0.0,0.2) maps to elLocal (0.6,-1.0,-0.6)
Global coord (1.8,0.0,0.4) maps to elLocal (0.6,-1.0,-0.2)
Global coord (1.8,0.0,0.6) maps to elLocal (0.6,-1.0,0.2)
Global coord (1.8,0.0,0.8) maps to elLocal (0.6,-1.0,0.6)
Global coord (1.8,0.0,1.0) maps to elLocal (0.6,-1.0,1.0)
Global coord (1.8,0.2,0.0) maps to elLocal (0.6,-0.6,-1.0)
Global coord (1.8,0.2,0.2) maps to elLocal (0.6,-0.6,-0.6)
Global coord (1.8,0.2,0.4) maps to elLocal (0.6,-0.6,-0.2)
Global coord (1.8,0.2,0.6) maps to elLocal (0.6,-0.6,0.2)
Global coord (1.8,0.2,0.8) maps to elLocal (0.6,-0.6,0.6)
Global coord (1.8,0.2,1.0) maps to elLocal (0.6,-0.6,1.0)
Global coord (1.8,0.4,0.0) maps to elLocal (0.6,-0.2,-1.0)
Global coord (1.8,0.4,0.2) maps to elLocal (0.6,-0.2,-0.6)
Global coord (1.8,0.4,0.4) maps to elLocal (0.6,-0.2,-0.2)
Global coord (1.8,0.4,0.6) maps to elLocal (0.6,-0.2,0.2)
Global coord (1.8,0.4,0.8) maps to elLocal (0.6,-0.2,0.6)
Global coord (1.8,0.4,1.0) maps to elLocal (0.6,-0.2,1.0)
Global coord (1.8,0.6,0.0) maps to elLocal (0.6,0.2,-1.0)
Global coord (1.8,0.6,0.2) maps to elLocal (0.6,0.2,-0.6)
Global coord (1.8,0.6,0.4) maps to elLocal (0.6,0.2,-0.2)
Global coord (1.8,0.6,0.6) maps to elLocal (0.6,0.2,0.2)
Global coord (1.8,0.6,0.8) maps to elLocal (0.6,0.2,0.6)
Global coord (1.8,0.6,1.0) maps to elLocal (0.6,0.2,1.0)
Global coord (1.8,0.8,0.0) maps to elLocal (0.6,0.6,-1.0)
Global coord (1.8,0.8,0.2) maps to elLocal (0.6,0.6,-0.6)
Global coord (1.8,0.8,0.4) maps to elLocal (0.6,0.6,-0.2)
Global coord (1.8,0.8,0.6) maps to elLocal (0.6,0.6,0.2)
Global coord (1.8,0.8,0.8) maps to elLocal (0.6,0.6,0.6)
Global coord (1.8,0.8,1.0) maps to elLocal (0.6,0.6,1.0)
Global coord (1.8,1.0,0.0) maps to elLocal (0.6,1.0,-1.0)
Global coord (1.8,1.0,0.2) maps to elLocal (0.6,1.0,-0.6)
Global coord (1.8,1.0,0.4) maps to elLocal (0.6,1.0,-0.2)
Global coord (1.8,1.0,0.6) maps to elLocal (0.6,1.0,0.2)
Global coord (1.8,1.0,0.8) maps to elLocal (0.6,1.0,0.6)
Global coord (1.8,1.0,1.0) maps to elLocal (0.6,1.0,1.0)
Global coord (2.0,0.0,0.0) maps to elLocal (1.0,-1.0,-1.0)
Global coord (2.0,0.0,0.2) maps to elLocal (1.0,-1.0,-0.6)
Global coord (2.0,0.0,0.4) maps to elLocal (1.0,-1.0,-0.2)
Global coord (2.0,0.0,0.6) maps to elLocal (1.0,-1.0,0.2)
Global coord (2.0,0.0,0.8) maps to elLocal (1.0,-1.0,0.6)
Global coord (2.0,0.0,1.0) maps to elLocal (1.0,-1.0,1.0)
Global coord (2.0,0.2,0.0) maps to elLocal (1.0,-0.6,-1.0)
Global coord (2.0,0.2,0.2) maps to elLocal (1.0,-0.6,-0.6)
Global coord (2.0,0.2,0.4) maps to elLocal (1.0,-0.6,-0.2)
Global coord (2.0,0.2,0.6) maps to elLocal (1.0,-0.6,0.2)
Global coord (2.0,0.2,0.8) maps to elLocal (1.0,-0.6,0.6)
Global coord (2.0,0.2,1.0) maps to elLocal (1.0,-0.6,1.0)
Global coord (2.0,0.4,0.0) maps to elLocal (1.0,-0.2,-1.0)
Global coord (2.0,0.4,0.2) maps to elLocal (1.0,-0.2,-0.6)
Global coord (2.0,0.4,0.4) maps to elLocal (1.0,-0.2,-0.2)
Global coord (2.0,0.4,0.6) maps to elLocal (1.0,-0.2,0.2)
Global coord (2.0,0.4,0.8) maps to elLocal (1.0,-0.2,0.6)
Global coord (2.0,0.4,1.0) maps to elLocal (1.0,-0.2,1.0)
Global coord (2.0,0.6,0.0) maps to elLocal (1.0,0.2,-1.0)
Global coord (2.0,0.6,0.2) maps to elLocal (1.0,0.2,-0.6)
Global coord (2.0,0.6,0.4) maps to elLocal (1.0,0.2,-0.2)
Global coord (2.0,0.6,0.6) maps to elLocal (1.0,0.2,0.2)
Global coord (2.0,0.6,0.8) maps to elLocal (1.0,0.2,0.6)
Global coord (2.0,0.6,1.0) maps to elLocal (1.0,0.2,1.0)
Global coord (2.0,0.8,0.0) maps to elLocal (1.0,0.6,-1.0)
Global coord (2.0,0.8,0.2) maps to elLocal (1.0,0.6,-0.6)
Global coord (2.0,0.8,0.4) maps to elLocal (1.0,0.6,-0.2)
Global coord (2.0,0.8,0.6) maps to elLocal (1.0,0.6,0.2)
Global coord (2.0,0.8,0.8) maps to elLocal (1.0,0.6,0.6)
Global coord (2.0,0.8,1.0) maps to elLocal (1.0,0.6,1.0)
Global coord (2.0,1.0,0.0) maps to elLocal (1.0,1.0,-1.0)
Global coord (2.0,1.0,0.2) maps to elLocal (1.0,1.0,-0.6)
Global coord (2.0,1.0,0.4) maps to elLocal (1.0,1.0,-0.2)
Global coord (2.0,1.0,0.6) maps to elLocal (1.0,1.0,0.2)
Global coord (2.0,1.0,0.8) maps to elLocal (1.0,1.0,0.6)
Global coord (2.0,1.0,1.0) maps to elLocal (1.0,1.0,1.0)
