StGermain Framework revision 3794. Copyright (C) 2003-2005 VPAC.
StGermain Discretisation Library revision 3794. Copyright (C) 2003-2005 VPAC.
StGermain FEM Discretisation Framework revision 638. Copyright (C) 2003-2005 VPAC.
Watching rank: 1

Creating Stg_Components from the component-list

	Instantiating Sphere as testShape

Constructing Stg_Components from the live-component register

	Constructing testShape..

***  REGULAR node/element layout tests ***

***  Balanced: 6*1*1 elements ***
Creating Geometry, Decomps and Layouts:
Creating F.E. Mesh:
Creating Vars:
Creating VC:
Building:
Building mesh:
Building Variable Conditions:
Creating EQ num:
Building FE Eq num:
Initialising:
Building LM:
V.C. applied: 	type: WallVC, set: Left
1: *** Printing destination array ***
	destinationArray[(gnode) 0]: on another proc
	destinationArray[(gnode) 1]: on another proc
	destinationArray[(gnode) 2][(dof)0-3]: 57,   0,  58, 
	destinationArray[(gnode) 3][(dof)0-3]: 99,   0,   1, 
	destinationArray[(gnode) 4]: on another proc
	destinationArray[(gnode) 5]: on another proc
	destinationArray[(gnode) 6][(dof)0-3]: 59,  17,  60, 
	destinationArray[(gnode) 7][(dof)0-3]:100, 101,   1, 
	destinationArray[(gnode) 8]: on another proc
	destinationArray[(gnode) 9]: on another proc
	destinationArray[(gnode)10][(dof)0-3]: 61,  17,  62, 
	destinationArray[(gnode)11][(dof)0-3]:102, 103,   1, 
	destinationArray[(gnode)12]: on another proc
	destinationArray[(gnode)13]: on another proc
	destinationArray[(gnode)14][(dof)0-3]: 63,  64,  65, 
	destinationArray[(gnode)15][(dof)0-3]:104, 105,   1, 
	destinationArray[(gnode)16]: on another proc
	destinationArray[(gnode)17]: on another proc
	destinationArray[(gnode)18][(dof)0-3]: 66,   0,  67, 
	destinationArray[(gnode)19][(dof)0-3]:106,   0,   1, 
	destinationArray[(gnode)20]: on another proc
	destinationArray[(gnode)21]: on another proc
	destinationArray[(gnode)22][(dof)0-3]: 68,  69,  70, 
	destinationArray[(gnode)23][(dof)0-3]:107, 108,   1, 
	destinationArray[(gnode)24]: on another proc
	destinationArray[(gnode)25]: on another proc
	destinationArray[(gnode)26][(dof)0-3]: 71,  72,  73, 
	destinationArray[(gnode)27][(dof)0-3]:109, 110,   1, 
	destinationArray[(gnode)28]: on another proc
	destinationArray[(gnode)29]: on another proc
	destinationArray[(gnode)30][(dof)0-3]: 74,  75,  76, 
	destinationArray[(gnode)31][(dof)0-3]:111, 112,   1, 
	destinationArray[(gnode)32]: on another proc
	destinationArray[(gnode)33]: on another proc
	destinationArray[(gnode)34][(dof)0-3]: 77,   0,  78, 
	destinationArray[(gnode)35][(dof)0-3]:113,   0,   1, 
	destinationArray[(gnode)36]: on another proc
	destinationArray[(gnode)37]: on another proc
	destinationArray[(gnode)38][(dof)0-3]: 79,  80,  81, 
	destinationArray[(gnode)39][(dof)0-3]:114, 115,   1, 
	destinationArray[(gnode)40]: on another proc
	destinationArray[(gnode)41]: on another proc
	destinationArray[(gnode)42][(dof)0-3]: 82,  83,  84, 
	destinationArray[(gnode)43][(dof)0-3]:116, 117,   1, 
	destinationArray[(gnode)44]: on another proc
	destinationArray[(gnode)45]: on another proc
	destinationArray[(gnode)46][(dof)0-3]: 85,  86,  87, 
	destinationArray[(gnode)47][(dof)0-3]:118, 119,   1, 
	destinationArray[(gnode)48]: on another proc
	destinationArray[(gnode)49]: on another proc
	destinationArray[(gnode)50][(dof)0-3]: 88,   0,  89, 
	destinationArray[(gnode)51][(dof)0-3]:120,   0,   1, 
	destinationArray[(gnode)52]: on another proc
	destinationArray[(gnode)53]: on another proc
	destinationArray[(gnode)54][(dof)0-3]: 90,  91,  92, 
	destinationArray[(gnode)55][(dof)0-3]:121, 122,   1, 
	destinationArray[(gnode)56]: on another proc
	destinationArray[(gnode)57]: on another proc
	destinationArray[(gnode)58][(dof)0-3]: 93,  94,  95, 
	destinationArray[(gnode)59][(dof)0-3]:123, 124,   1, 
	destinationArray[(gnode)60]: on another proc
	destinationArray[(gnode)61]: on another proc
	destinationArray[(gnode)62][(dof)0-3]: 96,  97,  98, 
	destinationArray[(gnode)63][(dof)0-3]:125, 126,   1, 
1: *** Printing location matrix ***
	LM[(g/l el) 0/XXX]: on another proc
	LM[(g/l el) 1/XXX]: on another proc
	LM[(g/l el) 2/ 0][(enodes)0-8]({ 0} 57,  0, 58,), ({ 1} 99,  0,  1,), ({ 3}100,101,  1,), ({ 2} 59, 17, 60,), ({ 8} 66,  0, 67,), ({ 9}106,  0,  1,), ({11}107,108,  1,), ({10} 68, 69, 70,), 
	LM[(g/l el) 3/XXX]: on another proc
	LM[(g/l el) 4/XXX]: on another proc
	LM[(g/l el) 5/ 1][(enodes)0-8]({ 2} 59, 17, 60,), ({ 3}100,101,  1,), ({ 5}102,103,  1,), ({ 4} 61, 17, 62,), ({10} 68, 69, 70,), ({11}107,108,  1,), ({13}109,110,  1,), ({12} 71, 72, 73,), 
	LM[(g/l el) 6/XXX]: on another proc
	LM[(g/l el) 7/XXX]: on another proc
	LM[(g/l el) 8/ 2][(enodes)0-8]({ 4} 61, 17, 62,), ({ 5}102,103,  1,), ({ 7}104,105,  1,), ({ 6} 63, 64, 65,), ({12} 71, 72, 73,), ({13}109,110,  1,), ({15}111,112,  1,), ({14} 74, 75, 76,), 
	LM[(g/l el) 9/XXX]: on another proc
	LM[(g/l el)10/XXX]: on another proc
	LM[(g/l el)11/ 3][(enodes)0-8]({ 8} 66,  0, 67,), ({ 9}106,  0,  1,), ({11}107,108,  1,), ({10} 68, 69, 70,), ({16} 77,  0, 78,), ({17}113,  0,  1,), ({19}114,115,  1,), ({18} 79, 80, 81,), 
	LM[(g/l el)12/XXX]: on another proc
	LM[(g/l el)13/XXX]: on another proc
	LM[(g/l el)14/ 4][(enodes)0-8]({10} 68, 69, 70,), ({11}107,108,  1,), ({13}109,110,  1,), ({12} 71, 72, 73,), ({18} 79, 80, 81,), ({19}114,115,  1,), ({21}116,117,  1,), ({20} 82, 83, 84,), 
	LM[(g/l el)15/XXX]: on another proc
	LM[(g/l el)16/XXX]: on another proc
	LM[(g/l el)17/ 5][(enodes)0-8]({12} 71, 72, 73,), ({13}109,110,  1,), ({15}111,112,  1,), ({14} 74, 75, 76,), ({20} 82, 83, 84,), ({21}116,117,  1,), ({23}118,119,  1,), ({22} 85, 86, 87,), 
	LM[(g/l el)18/XXX]: on another proc
	LM[(g/l el)19/XXX]: on another proc
	LM[(g/l el)20/ 6][(enodes)0-8]({16} 77,  0, 78,), ({17}113,  0,  1,), ({19}114,115,  1,), ({18} 79, 80, 81,), ({24} 88,  0, 89,), ({25}120,  0,  1,), ({27}121,122,  1,), ({26} 90, 91, 92,), 
	LM[(g/l el)21/XXX]: on another proc
	LM[(g/l el)22/XXX]: on another proc
	LM[(g/l el)23/ 7][(enodes)0-8]({18} 79, 80, 81,), ({19}114,115,  1,), ({21}116,117,  1,), ({20} 82, 83, 84,), ({26} 90, 91, 92,), ({27}121,122,  1,), ({29}123,124,  1,), ({28} 93, 94, 95,), 
	LM[(g/l el)24/XXX]: on another proc
	LM[(g/l el)25/XXX]: on another proc
	LM[(g/l el)26/ 8][(enodes)0-8]({20} 82, 83, 84,), ({21}116,117,  1,), ({23}118,119,  1,), ({22} 85, 86, 87,), ({28} 93, 94, 95,), ({29}123,124,  1,), ({31}125,126,  1,), ({30} 96, 97, 98,), 
LinkedDofInfo (ptr): 0x6000000000d4f240
Stg_Class (ptr): 0x6000000000d4f240
	sizeOfSelf: 232
	_deleteSelf: Yes
	type: LinkedDofInfo
	_delete (func ptr): 0x200000000683a0d0
	_print (func ptr): 0x200000000683a000
	_copy (func ptr): 0x200000000683a0f0
3 Linked dof sets active:
	Set 0: has eqNum 0
	Set 1: has eqNum 1
	Set 2: has eqNum 17
Linked dof sets table:
	Node 0: -1, 0, -1, 
	Node 1: -1, 0, 1, 
	Node 2: -1, 2, -1, 
	Node 3: -1, -1, 1, 
	Node 4: -1, 2, -1, 
	Node 5: -1, -1, 1, 
	Node 6: -1, -1, -1, 
	Node 7: -1, -1, 1, 
	Node 8: -1, 0, -1, 
	Node 9: -1, 0, 1, 
	Node 10: -1, -1, -1, 
	Node 11: -1, -1, 1, 
	Node 12: -1, -1, -1, 
	Node 13: -1, -1, 1, 
	Node 14: -1, -1, -1, 
	Node 15: -1, -1, 1, 
	Node 16: -1, 0, -1, 
	Node 17: -1, 0, 1, 
	Node 18: -1, -1, -1, 
	Node 19: -1, -1, 1, 
	Node 20: -1, -1, -1, 
	Node 21: -1, -1, 1, 
	Node 22: -1, -1, -1, 
	Node 23: -1, -1, 1, 
	Node 24: -1, 0, -1, 
	Node 25: -1, 0, 1, 
	Node 26: -1, -1, -1, 
	Node 27: -1, -1, 1, 
	Node 28: -1, -1, -1, 
	Node 29: -1, -1, 1, 
	Node 30: -1, -1, -1, 
	Node 31: -1, -1, 1, 
Cleaning Up:
