StGermain Framework. Copyright (C) 2003-2005 VPAC.
StGermain Discretisation Library. Copyright (C) 2003-2005 VPAC.
StGermain FEM Discretisation Framework. Copyright (C) 2003-2005 VPAC.
Watching rank: 0
display of Values in 2D box X:{ 0.00- 1.20}, Y:{ 0.00- 1.20}
	with 6 elements in X (dx= 0.20) and 6 elements in Y (dy= 0.20)

          |  xNode=  0   |  xNode=  1   |  xNode=  2   |  xNode=  3   |  xNode=  4   |  xNode=  5   |  xNode=  6   |
          ----------------------------------------------------------------------------------------------------------
yNode=  6 |(-0.26,-0.26 )|(-0.25,-0.25 )|(-0.22,-0.22 )|(-0.18,-0.18 )|XXXXXXXXXXXXXX|XXXXXXXXXXXXXX|XXXXXXXXXXXXXX|
          |--------------*--------------*--------------*--------------*--------------*--------------*--------------|
yNode=  5 |(-0.00,-0.00 )|(-0.00,-0.00 )|(-0.00,-0.00 )|(-0.00,-0.00 )|XXXXXXXXXXXXXX|XXXXXXXXXXXXXX|XXXXXXXXXXXXXX|
          |--------------*--------------*--------------*--------------*--------------*--------------*--------------|
yNode=  4 |( 0.26, 0.26 )|( 0.25, 0.25 )|( 0.22, 0.22 )|( 0.18, 0.18 )|XXXXXXXXXXXXXX|XXXXXXXXXXXXXX|XXXXXXXXXXXXXX|
          |--------------*--------------*--------------*--------------*--------------*--------------*--------------|
yNode=  3 |( 0.50, 0.50 )|( 0.48, 0.48 )|( 0.43, 0.43 )|( 0.37, 0.37 )|XXXXXXXXXXXXXX|XXXXXXXXXXXXXX|XXXXXXXXXXXXXX|
          |--------------*--------------*--------------*--------------*--------------*--------------*--------------|
yNode=  2 |( 0.70, 0.70 )|( 0.68, 0.68 )|( 0.63, 0.63 )|( 0.57, 0.57 )|XXXXXXXXXXXXXX|XXXXXXXXXXXXXX|XXXXXXXXXXXXXX|
          |--------------*--------------*--------------*--------------*--------------*--------------*--------------|
yNode=  1 |( 0.86, 0.86 )|( 0.85, 0.85 )|( 0.82, 0.82 )|( 0.78, 0.78 )|XXXXXXXXXXXXXX|XXXXXXXXXXXXXX|XXXXXXXXXXXXXX|
          |--------------*--------------*--------------*--------------*--------------*--------------*--------------|
yNode=  0 |( 1.00, 1.00 )|( 1.00, 1.00 )|( 1.00, 1.00 )|( 1.00, 1.00 )|XXXXXXXXXXXXXX|XXXXXXXXXXXXXX|XXXXXXXXXXXXXX|
          ----------------------------------------------------------------------------------------------------------

**After save, zero then reload**

display of Values in 2D box X:{ 0.00- 1.20}, Y:{ 0.00- 1.20}
	with 6 elements in X (dx= 0.20) and 6 elements in Y (dy= 0.20)

          |  xNode=  0   |  xNode=  1   |  xNode=  2   |  xNode=  3   |  xNode=  4   |  xNode=  5   |  xNode=  6   |
          ----------------------------------------------------------------------------------------------------------
yNode=  6 |(-0.26,-0.26 )|(-0.25,-0.25 )|(-0.22,-0.22 )|(-0.18,-0.18 )|XXXXXXXXXXXXXX|XXXXXXXXXXXXXX|XXXXXXXXXXXXXX|
          |--------------*--------------*--------------*--------------*--------------*--------------*--------------|
yNode=  5 |(-0.00,-0.00 )|(-0.00,-0.00 )|(-0.00,-0.00 )|(-0.00,-0.00 )|XXXXXXXXXXXXXX|XXXXXXXXXXXXXX|XXXXXXXXXXXXXX|
          |--------------*--------------*--------------*--------------*--------------*--------------*--------------|
yNode=  4 |( 0.26, 0.26 )|( 0.25, 0.25 )|( 0.22, 0.22 )|( 0.18, 0.18 )|XXXXXXXXXXXXXX|XXXXXXXXXXXXXX|XXXXXXXXXXXXXX|
          |--------------*--------------*--------------*--------------*--------------*--------------*--------------|
yNode=  3 |( 0.50, 0.50 )|( 0.48, 0.48 )|( 0.43, 0.43 )|( 0.37, 0.37 )|XXXXXXXXXXXXXX|XXXXXXXXXXXXXX|XXXXXXXXXXXXXX|
          |--------------*--------------*--------------*--------------*--------------*--------------*--------------|
yNode=  2 |( 0.70, 0.70 )|( 0.68, 0.68 )|( 0.63, 0.63 )|( 0.57, 0.57 )|XXXXXXXXXXXXXX|XXXXXXXXXXXXXX|XXXXXXXXXXXXXX|
          |--------------*--------------*--------------*--------------*--------------*--------------*--------------|
yNode=  1 |( 0.86, 0.86 )|( 0.85, 0.85 )|( 0.82, 0.82 )|( 0.78, 0.78 )|XXXXXXXXXXXXXX|XXXXXXXXXXXXXX|XXXXXXXXXXXXXX|
          |--------------*--------------*--------------*--------------*--------------*--------------*--------------|
yNode=  0 |( 1.00, 1.00 )|( 1.00, 1.00 )|( 1.00, 1.00 )|( 1.00, 1.00 )|XXXXXXXXXXXXXX|XXXXXXXXXXXXXX|XXXXXXXXXXXXXX|
          ----------------------------------------------------------------------------------------------------------
