Timestep = 1
Passed Depth Test
Passed Radius Test
Passed Theta Test
Timestep = 2
Passed Depth Test
Passed Radius Test
Passed Theta Test
Timestep = 3
Passed Depth Test
Passed Radius Test
Passed Theta Test
Timestep = 4
Passed Depth Test
Passed Radius Test
Passed Theta Test
Timestep = 5
Passed Depth Test
Passed Radius Test
Passed Theta Test
Timestep = 6
Passed Depth Test
Passed Radius Test
Passed Theta Test
Timestep = 7
Passed Depth Test
Passed Radius Test
Passed Theta Test
Timestep = 8
Passed Depth Test
Passed Radius Test
Passed Theta Test
Timestep = 9
Passed Depth Test
Passed Radius Test
Passed Theta Test
Timestep = 10
Passed Depth Test
Passed Radius Test
Passed Theta Test
