StGermain Framework revision 3842. Copyright (C) 2003-2005 VPAC.
CompositeVC (ptr): 0x112ddb8
	dictionary (ptr): 0x111e978
	itemCount: 6
	itemTbl (ptr): 0x112e0c8
		itemTbl[0] (ptr): 0x112e128
		itemTbl[1] (ptr): 0x112ebd8
		itemTbl[2] (ptr): 0x112f058
		itemTbl[3] (ptr): 0x112f448
		itemTbl[4] (ptr): 0x112f828
		itemTbl[5] (ptr): 0x112fcc8
	iOwnTbl (ptr): 0x112e0f8
		iOwnTbl[0]: True
		iOwnTbl[1]: True
		iOwnTbl[2]: True
		iOwnTbl[3]: True
		iOwnTbl[4]: True
		iOwnTbl[5]: True
	_size: 8
	_delta: 8
VariableCondition (ptr): 0x112ddb8
Stg_Component (ptr): 0x112ddb8
Stg_Object (ptr): 0x112ddb8
	Stg_Class (ptr): 0x112ddb8
		sizeOfSelf: 204
		_deleteSelf: Yes
		type: CompositeVC
		_delete (func ptr): 0x571970
		_print (func ptr): 0x571a78
		_copy (func ptr): 0x571c80
	name: CompositeVC
	nameAllocationType: NON_GLOBAL
	_defaultConstructor (func ptr): 0x571088
	_construct (func ptr): 0x571778
	_build (func ptr): 0x572090
	_initialise (func ptr): 0x56e31c
	_execute (func ptr): 0x56e410
	_destroy (func ptr): 0x56e454
	isConstructed: True
	isBuilt: True
	isInitialised: False
	hasExecuted: False
	isDestroyed: False
	constructor function name: CompositeVC-Construct
	build function name: CompositeVC-Build
	initialise function name: CompositeVC-Initialise
	execute function name: CompositeVC-Execute
	destroy function name: CompositeVC-Destroy
	_getSet (func ptr): 0x572250
	_getVariableCount (func ptr): 0x5723ac
	_getVariableIndex (func ptr): 0x5725d4
	_getValueIndex (func ptr): 0x572838
	_getValueCount (func ptr): 0x572b2c
	_getValue (func ptr): 0x572bf0
	variable_Register (ptr): 0x111f638
	conFunc_Register (ptr): 0x111f728
	_set (ptr): 0x1130278
	indexCount: 24
	indexTbl (ptr): 0x1130458
		indexTbl[0]: 0
		indexTbl[1]: 1
		indexTbl[2]: 2
		indexTbl[3]: 3
		indexTbl[4]: 4
		indexTbl[5]: 7
		indexTbl[6]: 8
		indexTbl[7]: 11
		indexTbl[8]: 12
		indexTbl[9]: 13
		indexTbl[10]: 14
		indexTbl[11]: 15
		indexTbl[12]: 16
		indexTbl[13]: 17
		indexTbl[14]: 18
		indexTbl[15]: 19
		indexTbl[16]: 20
		indexTbl[17]: 23
		indexTbl[18]: 24
		indexTbl[19]: 27
		indexTbl[20]: 28
		indexTbl[21]: 29
		indexTbl[22]: 30
		indexTbl[23]: 31
	vcVarCountTbl (ptr): 0x11304c8
		vcVarCountTbl[0]: 4
		vcVarCountTbl[1]: 1
		vcVarCountTbl[2]: 1
		vcVarCountTbl[3]: 1
		vcVarCountTbl[4]: 3
		vcVarCountTbl[5]: 1
		vcVarCountTbl[6]: 3
		vcVarCountTbl[7]: 1
		vcVarCountTbl[8]: 3
		vcVarCountTbl[9]: 3
		vcVarCountTbl[10]: 3
		vcVarCountTbl[11]: 4
		vcVarCountTbl[12]: 4
		vcVarCountTbl[13]: 1
		vcVarCountTbl[14]: 1
		vcVarCountTbl[15]: 1
		vcVarCountTbl[16]: 3
		vcVarCountTbl[17]: 1
		vcVarCountTbl[18]: 3
		vcVarCountTbl[19]: 1
		vcVarCountTbl[20]: 3
		vcVarCountTbl[21]: 3
		vcVarCountTbl[22]: 3
		vcVarCountTbl[23]: 4
	vcTbl (ptr): 0x301ac08
		vcTbl[0][0]:
			varIndex: 6
			valIndex: 3
		vcTbl[0][1]:
			varIndex: 3
			valIndex: 11
		vcTbl[0][2]:
			varIndex: 4
			valIndex: 12
		vcTbl[0][3]:
			varIndex: 5
			valIndex: 13
		vcTbl[1][0]:
			varIndex: 6
			valIndex: 3
		vcTbl[2][0]:
			varIndex: 6
			valIndex: 3
		vcTbl[3][0]:
			varIndex: 6
			valIndex: 10
		vcTbl[4][0]:
			varIndex: 3
			valIndex: 11
		vcTbl[4][1]:
			varIndex: 4
			valIndex: 12
		vcTbl[4][2]:
			varIndex: 5
			valIndex: 13
		vcTbl[5][0]:
			varIndex: 6
			valIndex: 10
		vcTbl[6][0]:
			varIndex: 3
			valIndex: 11
		vcTbl[6][1]:
			varIndex: 4
			valIndex: 12
		vcTbl[6][2]:
			varIndex: 5
			valIndex: 13
		vcTbl[7][0]:
			varIndex: 6
			valIndex: 10
		vcTbl[8][0]:
			varIndex: 3
			valIndex: 11
		vcTbl[8][1]:
			varIndex: 4
			valIndex: 12
		vcTbl[8][2]:
			varIndex: 5
			valIndex: 13
		vcTbl[9][0]:
			varIndex: 3
			valIndex: 0
		vcTbl[9][1]:
			varIndex: 4
			valIndex: 1
		vcTbl[9][2]:
			varIndex: 5
			valIndex: 2
		vcTbl[10][0]:
			varIndex: 3
			valIndex: 0
		vcTbl[10][1]:
			varIndex: 4
			valIndex: 1
		vcTbl[10][2]:
			varIndex: 5
			valIndex: 2
		vcTbl[11][0]:
			varIndex: 3
			valIndex: 0
		vcTbl[11][1]:
			varIndex: 4
			valIndex: 1
		vcTbl[11][2]:
			varIndex: 5
			valIndex: 2
		vcTbl[11][3]:
			varIndex: 6
			valIndex: 10
		vcTbl[12][0]:
			varIndex: 6
			valIndex: 3
		vcTbl[12][1]:
			varIndex: 3
			valIndex: 11
		vcTbl[12][2]:
			varIndex: 4
			valIndex: 12
		vcTbl[12][3]:
			varIndex: 5
			valIndex: 13
		vcTbl[13][0]:
			varIndex: 6
			valIndex: 3
		vcTbl[14][0]:
			varIndex: 6
			valIndex: 3
		vcTbl[15][0]:
			varIndex: 6
			valIndex: 10
		vcTbl[16][0]:
			varIndex: 3
			valIndex: 11
		vcTbl[16][1]:
			varIndex: 4
			valIndex: 12
		vcTbl[16][2]:
			varIndex: 5
			valIndex: 13
		vcTbl[17][0]:
			varIndex: 6
			valIndex: 10
		vcTbl[18][0]:
			varIndex: 3
			valIndex: 11
		vcTbl[18][1]:
			varIndex: 4
			valIndex: 12
		vcTbl[18][2]:
			varIndex: 5
			valIndex: 13
		vcTbl[19][0]:
			varIndex: 6
			valIndex: 10
		vcTbl[20][0]:
			varIndex: 3
			valIndex: 11
		vcTbl[20][1]:
			varIndex: 4
			valIndex: 12
		vcTbl[20][2]:
			varIndex: 5
			valIndex: 13
		vcTbl[21][0]:
			varIndex: 3
			valIndex: 0
		vcTbl[21][1]:
			varIndex: 4
			valIndex: 1
		vcTbl[21][2]:
			varIndex: 5
			valIndex: 2
		vcTbl[22][0]:
			varIndex: 3
			valIndex: 0
		vcTbl[22][1]:
			varIndex: 4
			valIndex: 1
		vcTbl[22][2]:
			varIndex: 5
			valIndex: 2
		vcTbl[23][0]:
			varIndex: 3
			valIndex: 0
		vcTbl[23][1]:
			varIndex: 4
			valIndex: 1
		vcTbl[23][2]:
			varIndex: 5
			valIndex: 2
		vcTbl[23][3]:
			varIndex: 6
			valIndex: 10
	valueCount: 14
	valueTbl (ptr): 0x1130578
		valueTbl[0]:
			type: VC_ValueType_Double
			asDouble: 2
		valueTbl[1]:
			type: VC_ValueType_Double
			asDouble: 3
		valueTbl[2]:
			type: VC_ValueType_Double
			asDouble: 1
		valueTbl[3]:
			type: VC_ValueType_DoubleArray
			arraySize: 5
			asDoubleArray (ptr): 0x112eef8
				asDoubleArray[0]: 5
				asDoubleArray[1]: 6
				asDoubleArray[2]: 7
				asDoubleArray[3]: 8
				asDoubleArray[4]: 9
		valueTbl[4]:
			type: VC_ValueType_CFIndex
			asCFIndex: 0
		valueTbl[5]:
			type: VC_ValueType_CFIndex
			asCFIndex: 0
		valueTbl[6]:
			type: VC_ValueType_CFIndex
			asCFIndex: 0
		valueTbl[7]:
			type: VC_ValueType_CFIndex
			asCFIndex: 1
		valueTbl[8]:
			type: VC_ValueType_CFIndex
			asCFIndex: 1
		valueTbl[9]:
			type: VC_ValueType_CFIndex
			asCFIndex: 1
		valueTbl[10]:
			type: VC_ValueType_DoubleArray
			arraySize: 5
			asDoubleArray (ptr): 0x112fb68
				asDoubleArray[0]: 5
				asDoubleArray[1]: 6
				asDoubleArray[2]: 7
				asDoubleArray[3]: 8
				asDoubleArray[4]: 9
		valueTbl[11]:
			type: VC_ValueType_Double
			asDouble: 2
		valueTbl[12]:
			type: VC_ValueType_Double
			asDouble: 3
		valueTbl[13]:
			type: VC_ValueType_Double
			asDouble: 1


var[0]: 0.00, 0.00, 0.00, 0.00, 0.00, 0.00, 0.00, 0.00, 0.00, 0.00, 0.00, 0.00, 0.00, 0.00, 0.00, 0.00, 0.00, 0.00, 0.00, 0.00, 0.00, 0.00, 0.00, 0.00, 0.00, 0.00, 0.00, 0.00, 0.00, 0.00, 0.00, 0.00
var[1]: 0.00, 0.00, 0.00, 0.00, 0.00, 0.00, 0.00, 0.00, 0.00, 0.00, 0.00, 0.00, 0.00, 0.00, 0.00, 0.00, 0.00, 0.00, 0.00, 0.00, 0.00, 0.00, 0.00, 0.00, 0.00, 0.00, 0.00, 0.00, 0.00, 0.00, 0.00, 0.00
var[2]: 0.00, 0.00, 0.00, 0.00, 0.00, 0.00, 0.00, 0.00, 0.00, 0.00, 0.00, 0.00, 0.00, 0.00, 0.00, 0.00, 0.00, 0.00, 0.00, 0.00, 0.00, 0.00, 0.00, 0.00, 0.00, 0.00, 0.00, 0.00, 0.00, 0.00, 0.00, 0.00
var[3]: 2.00, 0.00, 0.00, 0.00, 2.00, 0.00, 0.00, 0.00, 2.00, 0.00, 0.00, 0.00, 2.00, 2.00, 2.00, 2.00, 2.00, 0.00, 0.00, 0.00, 2.00, 0.00, 0.00, 0.00, 2.00, 0.00, 0.00, 0.00, 2.00, 2.00, 2.00, 2.00
var[4]: 3.00, 0.00, 0.00, 0.00, 3.00, 0.00, 0.00, 0.00, 3.00, 0.00, 0.00, 0.00, 3.00, 3.00, 3.00, 3.00, 3.00, 0.00, 0.00, 0.00, 3.00, 0.00, 0.00, 0.00, 3.00, 0.00, 0.00, 0.00, 3.00, 3.00, 3.00, 3.00
var[5]: 1.00, 0.00, 0.00, 0.00, 1.00, 0.00, 0.00, 0.00, 1.00, 0.00, 0.00, 0.00, 1.00, 1.00, 1.00, 1.00, 1.00, 0.00, 0.00, 0.00, 1.00, 0.00, 0.00, 0.00, 1.00, 0.00, 0.00, 0.00, 1.00, 1.00, 1.00, 1.00
var[7]: 5.00, 6.00, 7.00, 8.00, 9.00, 5.00, 6.00, 7.00, 8.00, 9.00, 5.00, 6.00, 7.00, 8.00, 9.00, 5.00, 6.00, 7.00, 8.00, 9.00, 0.00, 0.00, 0.00, 0.00, 0.00, 0.00, 0.00, 0.00, 0.00, 0.00, 0.00, 0.00, 0.00, 0.00, 0.00, 5.00, 6.00, 7.00, 8.00, 9.00, 0.00, 0.00, 0.00, 0.00, 0.00, 0.00, 0.00, 0.00, 0.00, 0.00, 0.00, 0.00, 0.00, 0.00, 0.00, 5.00, 6.00, 7.00, 8.00, 9.00, 0.00, 0.00, 0.00, 0.00, 0.00, 0.00, 0.00, 0.00, 0.00, 0.00, 0.00, 0.00, 0.00, 0.00, 0.00, 5.00, 6.00, 7.00, 8.00, 9.00, 5.00, 6.00, 7.00, 8.00, 9.00, 5.00, 6.00, 7.00, 8.00, 9.00, 5.00, 6.00, 7.00, 8.00, 9.00, 5.00, 6.00, 7.00, 8.00, 9.00, 0.00, 0.00, 0.00, 0.00, 0.00, 0.00, 0.00, 0.00, 0.00, 0.00, 0.00, 0.00, 0.00, 0.00, 0.00, 5.00, 6.00, 7.00, 8.00, 9.00, 0.00, 0.00, 0.00, 0.00, 0.00, 0.00, 0.00, 0.00, 0.00, 0.00, 0.00, 0.00, 0.00, 0.00, 0.00, 5.00, 6.00, 7.00, 8.00, 9.00, 0.00, 0.00, 0.00, 0.00, 0.00, 0.00, 0.00, 0.00, 0.00, 0.00, 0.00, 0.00, 0.00, 0.00, 0.00, 5.00, 6.00, 7.00, 8.00, 9.00

False False False False False False False False False False False False False False False False False False False False False False False False False False False False False False False False 
False False False False False False False False False False False False False False False False False False False False False False False False False False False False False False False False 
False False False False False False False False False False False False False False False False False False False False False False False False False False False False False False False False 
True  False False False True  False False False True  False False False True  True  True  True  True  False False False True  False False False True  False False False True  True  True  True  
True  False False False True  False False False True  False False False True  True  True  True  True  False False False True  False False False True  False False False True  True  True  True  
True  False False False True  False False False True  False False False True  True  True  True  True  False False False True  False False False True  False False False True  True  True  True  
True  True  True  True  False False False True  False False False True  False False False True  True  True  True  True  False False False True  False False False True  False False False True  

XXX XXX XXX XXX XXX XXX XXX XXX XXX XXX XXX XXX XXX XXX XXX XXX XXX XXX XXX XXX XXX XXX XXX XXX XXX XXX XXX XXX XXX XXX XXX XXX 
XXX XXX XXX XXX XXX XXX XXX XXX XXX XXX XXX XXX XXX XXX XXX XXX XXX XXX XXX XXX XXX XXX XXX XXX XXX XXX XXX XXX XXX XXX XXX XXX 
XXX XXX XXX XXX XXX XXX XXX XXX XXX XXX XXX XXX XXX XXX XXX XXX XXX XXX XXX XXX XXX XXX XXX XXX XXX XXX XXX XXX XXX XXX XXX XXX 
011 XXX XXX XXX 011 XXX XXX XXX 011 XXX XXX XXX 011 000 000 000 011 XXX XXX XXX 011 XXX XXX XXX 011 XXX XXX XXX 011 000 000 000 
012 XXX XXX XXX 012 XXX XXX XXX 012 XXX XXX XXX 012 001 001 001 012 XXX XXX XXX 012 XXX XXX XXX 012 XXX XXX XXX 012 001 001 001 
013 XXX XXX XXX 013 XXX XXX XXX 013 XXX XXX XXX 013 002 002 002 013 XXX XXX XXX 013 XXX XXX XXX 013 XXX XXX XXX 013 002 002 002 
003 003 003 010 XXX XXX XXX 010 XXX XXX XXX 010 XXX XXX XXX 010 003 003 003 010 XXX XXX XXX 010 XXX XXX XXX 010 XXX XXX XXX 010 

