#       Timestep            Time          CoordX          CoordY          CoordZ        Pressure     Temperature
               0               0           0.875           0.125               0               0        0.840327
               1               0           0.875           0.125               0               0        0.840327
               2               0           0.875           0.125               0               0        0.840327
               3               0           0.875           0.125               0               0        0.840327
               4               0           0.875           0.125               0               0        0.840327
