StGermain Framework revision 3842. Copyright (C) 2003-2005 VPAC.
CompositeVC (ptr): 0x112bf88
	dictionary (ptr): 0x111df68
	itemCount: 6
	itemTbl (ptr): 0x112c298
		itemTbl[0] (ptr): 0x112c2f8
		itemTbl[1] (ptr): 0x112cda8
		itemTbl[2] (ptr): 0x112d228
		itemTbl[3] (ptr): 0x112d618
		itemTbl[4] (ptr): 0x112dc78
		itemTbl[5] (ptr): 0x112e108
	iOwnTbl (ptr): 0x112c2c8
		iOwnTbl[0]: True
		iOwnTbl[1]: True
		iOwnTbl[2]: True
		iOwnTbl[3]: True
		iOwnTbl[4]: True
		iOwnTbl[5]: True
	_size: 8
	_delta: 8
VariableCondition (ptr): 0x112bf88
Stg_Component (ptr): 0x112bf88
Stg_Object (ptr): 0x112bf88
	Stg_Class (ptr): 0x112bf88
		sizeOfSelf: 204
		_deleteSelf: Yes
		type: CompositeVC
		_delete (func ptr): 0x571970
		_print (func ptr): 0x571a78
		_copy (func ptr): 0x571c80
	name: CompositeVC
	nameAllocationType: NON_GLOBAL
	_defaultConstructor (func ptr): 0x571088
	_construct (func ptr): 0x571778
	_build (func ptr): 0x572090
	_initialise (func ptr): 0x56e31c
	_execute (func ptr): 0x56e410
	_destroy (func ptr): 0x56e454
	isConstructed: True
	isBuilt: True
	isInitialised: False
	hasExecuted: False
	isDestroyed: False
	constructor function name: CompositeVC-Construct
	build function name: CompositeVC-Build
	initialise function name: CompositeVC-Initialise
	execute function name: CompositeVC-Execute
	destroy function name: CompositeVC-Destroy
	_getSet (func ptr): 0x572250
	_getVariableCount (func ptr): 0x5723ac
	_getVariableIndex (func ptr): 0x5725d4
	_getValueIndex (func ptr): 0x572838
	_getValueCount (func ptr): 0x572b2c
	_getValue (func ptr): 0x572bf0
	variable_Register (ptr): 0x111ec28
	conFunc_Register (ptr): 0x111ed18
	_set (ptr): 0x112e6b8
	indexCount: 28
	indexTbl (ptr): 0x112e898
		indexTbl[0]: 0
		indexTbl[1]: 1
		indexTbl[2]: 2
		indexTbl[3]: 3
		indexTbl[4]: 4
		indexTbl[5]: 5
		indexTbl[6]: 6
		indexTbl[7]: 7
		indexTbl[8]: 8
		indexTbl[9]: 9
		indexTbl[10]: 10
		indexTbl[11]: 11
		indexTbl[12]: 12
		indexTbl[13]: 13
		indexTbl[14]: 14
		indexTbl[15]: 15
		indexTbl[16]: 16
		indexTbl[17]: 17
		indexTbl[18]: 18
		indexTbl[19]: 19
		indexTbl[20]: 20
		indexTbl[21]: 23
		indexTbl[22]: 24
		indexTbl[23]: 27
		indexTbl[24]: 28
		indexTbl[25]: 29
		indexTbl[26]: 30
		indexTbl[27]: 31
	vcVarCountTbl (ptr): 0x112e918
		vcVarCountTbl[0]: 4
		vcVarCountTbl[1]: 4
		vcVarCountTbl[2]: 4
		vcVarCountTbl[3]: 4
		vcVarCountTbl[4]: 3
		vcVarCountTbl[5]: 3
		vcVarCountTbl[6]: 3
		vcVarCountTbl[7]: 4
		vcVarCountTbl[8]: 3
		vcVarCountTbl[9]: 3
		vcVarCountTbl[10]: 3
		vcVarCountTbl[11]: 4
		vcVarCountTbl[12]: 3
		vcVarCountTbl[13]: 3
		vcVarCountTbl[14]: 3
		vcVarCountTbl[15]: 4
		vcVarCountTbl[16]: 4
		vcVarCountTbl[17]: 1
		vcVarCountTbl[18]: 1
		vcVarCountTbl[19]: 1
		vcVarCountTbl[20]: 3
		vcVarCountTbl[21]: 1
		vcVarCountTbl[22]: 3
		vcVarCountTbl[23]: 1
		vcVarCountTbl[24]: 3
		vcVarCountTbl[25]: 3
		vcVarCountTbl[26]: 3
		vcVarCountTbl[27]: 4
	vcTbl (ptr): 0x3016608
		vcTbl[0][0]:
			varIndex: 6
			valIndex: 3
		vcTbl[0][1]:
			varIndex: 3
			valIndex: 11
		vcTbl[0][2]:
			varIndex: 4
			valIndex: 12
		vcTbl[0][3]:
			varIndex: 5
			valIndex: 13
		vcTbl[1][0]:
			varIndex: 6
			valIndex: 3
		vcTbl[1][1]:
			varIndex: 3
			valIndex: 7
		vcTbl[1][2]:
			varIndex: 4
			valIndex: 8
		vcTbl[1][3]:
			varIndex: 5
			valIndex: 9
		vcTbl[2][0]:
			varIndex: 6
			valIndex: 3
		vcTbl[2][1]:
			varIndex: 3
			valIndex: 7
		vcTbl[2][2]:
			varIndex: 4
			valIndex: 8
		vcTbl[2][3]:
			varIndex: 5
			valIndex: 9
		vcTbl[3][0]:
			varIndex: 6
			valIndex: 10
		vcTbl[3][1]:
			varIndex: 3
			valIndex: 7
		vcTbl[3][2]:
			varIndex: 4
			valIndex: 8
		vcTbl[3][3]:
			varIndex: 5
			valIndex: 9
		vcTbl[4][0]:
			varIndex: 3
			valIndex: 11
		vcTbl[4][1]:
			varIndex: 4
			valIndex: 12
		vcTbl[4][2]:
			varIndex: 5
			valIndex: 13
		vcTbl[5][0]:
			varIndex: 3
			valIndex: 7
		vcTbl[5][1]:
			varIndex: 4
			valIndex: 8
		vcTbl[5][2]:
			varIndex: 5
			valIndex: 9
		vcTbl[6][0]:
			varIndex: 3
			valIndex: 7
		vcTbl[6][1]:
			varIndex: 4
			valIndex: 8
		vcTbl[6][2]:
			varIndex: 5
			valIndex: 9
		vcTbl[7][0]:
			varIndex: 3
			valIndex: 7
		vcTbl[7][1]:
			varIndex: 4
			valIndex: 8
		vcTbl[7][2]:
			varIndex: 5
			valIndex: 9
		vcTbl[7][3]:
			varIndex: 6
			valIndex: 10
		vcTbl[8][0]:
			varIndex: 3
			valIndex: 11
		vcTbl[8][1]:
			varIndex: 4
			valIndex: 12
		vcTbl[8][2]:
			varIndex: 5
			valIndex: 13
		vcTbl[9][0]:
			varIndex: 3
			valIndex: 7
		vcTbl[9][1]:
			varIndex: 4
			valIndex: 8
		vcTbl[9][2]:
			varIndex: 5
			valIndex: 9
		vcTbl[10][0]:
			varIndex: 3
			valIndex: 7
		vcTbl[10][1]:
			varIndex: 4
			valIndex: 8
		vcTbl[10][2]:
			varIndex: 5
			valIndex: 9
		vcTbl[11][0]:
			varIndex: 3
			valIndex: 7
		vcTbl[11][1]:
			varIndex: 4
			valIndex: 8
		vcTbl[11][2]:
			varIndex: 5
			valIndex: 9
		vcTbl[11][3]:
			varIndex: 6
			valIndex: 10
		vcTbl[12][0]:
			varIndex: 3
			valIndex: 11
		vcTbl[12][1]:
			varIndex: 4
			valIndex: 12
		vcTbl[12][2]:
			varIndex: 5
			valIndex: 13
		vcTbl[13][0]:
			varIndex: 3
			valIndex: 7
		vcTbl[13][1]:
			varIndex: 4
			valIndex: 8
		vcTbl[13][2]:
			varIndex: 5
			valIndex: 9
		vcTbl[14][0]:
			varIndex: 3
			valIndex: 7
		vcTbl[14][1]:
			varIndex: 4
			valIndex: 8
		vcTbl[14][2]:
			varIndex: 5
			valIndex: 9
		vcTbl[15][0]:
			varIndex: 3
			valIndex: 7
		vcTbl[15][1]:
			varIndex: 4
			valIndex: 8
		vcTbl[15][2]:
			varIndex: 5
			valIndex: 9
		vcTbl[15][3]:
			varIndex: 6
			valIndex: 10
		vcTbl[16][0]:
			varIndex: 6
			valIndex: 3
		vcTbl[16][1]:
			varIndex: 3
			valIndex: 11
		vcTbl[16][2]:
			varIndex: 4
			valIndex: 12
		vcTbl[16][3]:
			varIndex: 5
			valIndex: 13
		vcTbl[17][0]:
			varIndex: 6
			valIndex: 3
		vcTbl[18][0]:
			varIndex: 6
			valIndex: 3
		vcTbl[19][0]:
			varIndex: 6
			valIndex: 10
		vcTbl[20][0]:
			varIndex: 3
			valIndex: 11
		vcTbl[20][1]:
			varIndex: 4
			valIndex: 12
		vcTbl[20][2]:
			varIndex: 5
			valIndex: 13
		vcTbl[21][0]:
			varIndex: 6
			valIndex: 10
		vcTbl[22][0]:
			varIndex: 3
			valIndex: 11
		vcTbl[22][1]:
			varIndex: 4
			valIndex: 12
		vcTbl[22][2]:
			varIndex: 5
			valIndex: 13
		vcTbl[23][0]:
			varIndex: 6
			valIndex: 10
		vcTbl[24][0]:
			varIndex: 3
			valIndex: 11
		vcTbl[24][1]:
			varIndex: 4
			valIndex: 12
		vcTbl[24][2]:
			varIndex: 5
			valIndex: 13
		vcTbl[25][0]:
			varIndex: 3
			valIndex: 0
		vcTbl[25][1]:
			varIndex: 4
			valIndex: 1
		vcTbl[25][2]:
			varIndex: 5
			valIndex: 2
		vcTbl[26][0]:
			varIndex: 3
			valIndex: 0
		vcTbl[26][1]:
			varIndex: 4
			valIndex: 1
		vcTbl[26][2]:
			varIndex: 5
			valIndex: 2
		vcTbl[27][0]:
			varIndex: 3
			valIndex: 0
		vcTbl[27][1]:
			varIndex: 4
			valIndex: 1
		vcTbl[27][2]:
			varIndex: 5
			valIndex: 2
		vcTbl[27][3]:
			varIndex: 6
			valIndex: 10
	valueCount: 14
	valueTbl (ptr): 0x112e9d8
		valueTbl[0]:
			type: VC_ValueType_Double
			asDouble: 2
		valueTbl[1]:
			type: VC_ValueType_Double
			asDouble: 3
		valueTbl[2]:
			type: VC_ValueType_Double
			asDouble: 1
		valueTbl[3]:
			type: VC_ValueType_DoubleArray
			arraySize: 5
			asDoubleArray (ptr): 0x112d0c8
				asDoubleArray[0]: 5
				asDoubleArray[1]: 6
				asDoubleArray[2]: 7
				asDoubleArray[3]: 8
				asDoubleArray[4]: 9
		valueTbl[4]:
			type: VC_ValueType_CFIndex
			asCFIndex: 0
		valueTbl[5]:
			type: VC_ValueType_CFIndex
			asCFIndex: 0
		valueTbl[6]:
			type: VC_ValueType_CFIndex
			asCFIndex: 0
		valueTbl[7]:
			type: VC_ValueType_CFIndex
			asCFIndex: 1
		valueTbl[8]:
			type: VC_ValueType_CFIndex
			asCFIndex: 1
		valueTbl[9]:
			type: VC_ValueType_CFIndex
			asCFIndex: 1
		valueTbl[10]:
			type: VC_ValueType_DoubleArray
			arraySize: 5
			asDoubleArray (ptr): 0x112dfb8
				asDoubleArray[0]: 5
				asDoubleArray[1]: 6
				asDoubleArray[2]: 7
				asDoubleArray[3]: 8
				asDoubleArray[4]: 9
		valueTbl[11]:
			type: VC_ValueType_Double
			asDouble: 2
		valueTbl[12]:
			type: VC_ValueType_Double
			asDouble: 3
		valueTbl[13]:
			type: VC_ValueType_Double
			asDouble: 1


var[0]: 0.00, 0.00, 0.00, 0.00, 0.00, 0.00, 0.00, 0.00, 0.00, 0.00, 0.00, 0.00, 0.00, 0.00, 0.00, 0.00, 0.00, 0.00, 0.00, 0.00, 0.00, 0.00, 0.00, 0.00, 0.00, 0.00, 0.00, 0.00, 0.00, 0.00, 0.00, 0.00
var[1]: 0.00, 0.00, 0.00, 0.00, 0.00, 0.00, 0.00, 0.00, 0.00, 0.00, 0.00, 0.00, 0.00, 0.00, 0.00, 0.00, 0.00, 0.00, 0.00, 0.00, 0.00, 0.00, 0.00, 0.00, 0.00, 0.00, 0.00, 0.00, 0.00, 0.00, 0.00, 0.00
var[2]: 0.00, 0.00, 0.00, 0.00, 0.00, 0.00, 0.00, 0.00, 0.00, 0.00, 0.00, 0.00, 0.00, 0.00, 0.00, 0.00, 0.00, 0.00, 0.00, 0.00, 0.00, 0.00, 0.00, 0.00, 0.00, 0.00, 0.00, 0.00, 0.00, 0.00, 0.00, 0.00
var[3]: 2.00, 30.00, 30.00, 30.00, 2.00, 30.00, 30.00, 30.00, 2.00, 30.00, 30.00, 30.00, 2.00, 30.00, 30.00, 30.00, 2.00, 0.00, 0.00, 0.00, 2.00, 0.00, 0.00, 0.00, 2.00, 0.00, 0.00, 0.00, 2.00, 2.00, 2.00, 2.00
var[4]: 3.00, 30.00, 30.00, 30.00, 3.00, 30.00, 30.00, 30.00, 3.00, 30.00, 30.00, 30.00, 3.00, 30.00, 30.00, 30.00, 3.00, 0.00, 0.00, 0.00, 3.00, 0.00, 0.00, 0.00, 3.00, 0.00, 0.00, 0.00, 3.00, 3.00, 3.00, 3.00
var[5]: 1.00, 30.00, 30.00, 30.00, 1.00, 30.00, 30.00, 30.00, 1.00, 30.00, 30.00, 30.00, 1.00, 30.00, 30.00, 30.00, 1.00, 0.00, 0.00, 0.00, 1.00, 0.00, 0.00, 0.00, 1.00, 0.00, 0.00, 0.00, 1.00, 1.00, 1.00, 1.00
var[7]: 5.00, 6.00, 7.00, 8.00, 9.00, 5.00, 6.00, 7.00, 8.00, 9.00, 5.00, 6.00, 7.00, 8.00, 9.00, 5.00, 6.00, 7.00, 8.00, 9.00, 0.00, 0.00, 0.00, 0.00, 0.00, 0.00, 0.00, 0.00, 0.00, 0.00, 0.00, 0.00, 0.00, 0.00, 0.00, 5.00, 6.00, 7.00, 8.00, 9.00, 0.00, 0.00, 0.00, 0.00, 0.00, 0.00, 0.00, 0.00, 0.00, 0.00, 0.00, 0.00, 0.00, 0.00, 0.00, 5.00, 6.00, 7.00, 8.00, 9.00, 0.00, 0.00, 0.00, 0.00, 0.00, 0.00, 0.00, 0.00, 0.00, 0.00, 0.00, 0.00, 0.00, 0.00, 0.00, 5.00, 6.00, 7.00, 8.00, 9.00, 5.00, 6.00, 7.00, 8.00, 9.00, 5.00, 6.00, 7.00, 8.00, 9.00, 5.00, 6.00, 7.00, 8.00, 9.00, 5.00, 6.00, 7.00, 8.00, 9.00, 0.00, 0.00, 0.00, 0.00, 0.00, 0.00, 0.00, 0.00, 0.00, 0.00, 0.00, 0.00, 0.00, 0.00, 0.00, 5.00, 6.00, 7.00, 8.00, 9.00, 0.00, 0.00, 0.00, 0.00, 0.00, 0.00, 0.00, 0.00, 0.00, 0.00, 0.00, 0.00, 0.00, 0.00, 0.00, 5.00, 6.00, 7.00, 8.00, 9.00, 0.00, 0.00, 0.00, 0.00, 0.00, 0.00, 0.00, 0.00, 0.00, 0.00, 0.00, 0.00, 0.00, 0.00, 0.00, 5.00, 6.00, 7.00, 8.00, 9.00

False False False False False False False False False False False False False False False False False False False False False False False False False False False False False False False False 
False False False False False False False False False False False False False False False False False False False False False False False False False False False False False False False False 
False False False False False False False False False False False False False False False False False False False False False False False False False False False False False False False False 
True  True  True  True  True  True  True  True  True  True  True  True  True  True  True  True  True  False False False True  False False False True  False False False True  True  True  True  
True  True  True  True  True  True  True  True  True  True  True  True  True  True  True  True  True  False False False True  False False False True  False False False True  True  True  True  
True  True  True  True  True  True  True  True  True  True  True  True  True  True  True  True  True  False False False True  False False False True  False False False True  True  True  True  
True  True  True  True  False False False True  False False False True  False False False True  True  True  True  True  False False False True  False False False True  False False False True  

XXX XXX XXX XXX XXX XXX XXX XXX XXX XXX XXX XXX XXX XXX XXX XXX XXX XXX XXX XXX XXX XXX XXX XXX XXX XXX XXX XXX XXX XXX XXX XXX 
XXX XXX XXX XXX XXX XXX XXX XXX XXX XXX XXX XXX XXX XXX XXX XXX XXX XXX XXX XXX XXX XXX XXX XXX XXX XXX XXX XXX XXX XXX XXX XXX 
XXX XXX XXX XXX XXX XXX XXX XXX XXX XXX XXX XXX XXX XXX XXX XXX XXX XXX XXX XXX XXX XXX XXX XXX XXX XXX XXX XXX XXX XXX XXX XXX 
011 007 007 007 011 007 007 007 011 007 007 007 011 007 007 007 011 XXX XXX XXX 011 XXX XXX XXX 011 XXX XXX XXX 011 000 000 000 
012 008 008 008 012 008 008 008 012 008 008 008 012 008 008 008 012 XXX XXX XXX 012 XXX XXX XXX 012 XXX XXX XXX 012 001 001 001 
013 009 009 009 013 009 009 009 013 009 009 009 013 009 009 009 013 XXX XXX XXX 013 XXX XXX XXX 013 XXX XXX XXX 013 002 002 002 
003 003 003 010 XXX XXX XXX 010 XXX XXX XXX 010 XXX XXX XXX 010 003 003 003 010 XXX XXX XXX 010 XXX XXX XXX 010 XXX XXX XXX 010 

