StGermain Framework revision 4125. Copyright (C) 2003-2005 VPAC.
Cartesian generator: ''
	Target mesh: ''
	Global element size: 5x3x2
	Local offset of rank 0: 0x0x0
	Local range of rank 0: 3x3x2
	Generating vertices...
		... done.
	Generating elements...
		... done.
	Generating element-vertex incidence...
		... done.
	Generating vertex neighbours...
		... done.
	Generating geometry...
		... done.
	Generating element types...
		... element types are 'Mesh_HexType',
		... mesh algorithm type is 'Mesh_RegularAlgorithms',
		... done.
WithinShapeParticleLayout (ptr): 0x807ed10:
	SpaceFillerParticleLayout (ptr): 0x807ed10:
		GlobalParticleLayout (ptr): 0x807ed10
		ParticleLayout (ptr): 0x807ed10
		Stg_Class (ptr): 0x807ed10
			sizeOfSelf: 156
			_deleteSelf: Yes
			type: WithinShapeParticleLayout
			_delete (func ptr): 0xb7f87fb7
			_print (func ptr): 0xb7f87fe0
			_copy (func ptr): 0xb7f8805a
			_setInitialCounts (func ptr): 0xb7f761fe
			_initialiseParticles (func ptr): 0xb7f88290
			coordSystem: GlobalCoordSystem
			weightsInitialisedAtStartup : False
			_initialiseParticle (func ptr): 0xb7f7ff5b
			totalInitialParticles: 10
			averageInitialParticlesPerCell: 0.333333
		self->dim = 3
	Stg_Component (ptr): 0x807e9f0
	Stg_Object (ptr): 0x807e9f0
		Stg_Class (ptr): 0x807e9f0
			sizeOfSelf: 228
			_deleteSelf: Yes
			type: Sphere
			_delete (func ptr): 0xb7ee7cc5
			_print (func ptr): 0xb7ee7cee
			_copy (func ptr): 0xb7ee7d1e
		name: testSphere
		nameAllocationType: NON_GLOBAL
		_defaultConstructor (func ptr): 0xb7ee7d7b
		_construct (func ptr): 0xb7ee7e20
		_build (func ptr): 0xb7ee7e91
		_initialise (func ptr): 0xb7ee7ec1
		_execute (func ptr): 0xb7ee7ef1
		_destroy (func ptr): 0xb7ee7f21
		isConstructed: True
		isBuilt: False
		isInitialised: False
		hasExecuted: False
		isDestroyed: False
		constructor function name: testSphere-Construct
		build function name: testSphere-Build
		initialise function name: testSphere-Initialise
		execute function name: testSphere-Execute
		destroy function name: testSphere-Destroy
	Stg_Shape (ptr): (0x807e9f0)
	self->_isCoordInside = (ptr)0xb7ee7f51
Printing coords of all local particles, cell-by-cell:
	Local Cell   0:
	Local Cell   1:
	Local Cell   2:
	Local Cell   3:
	Local Cell   4:
	Local Cell   5:
	Local Cell   6:
	Local Cell   7:
	Local Cell   8:
	Local Cell   9:
	Local Cell  10:
	Local Cell  11:
