Timestep 0: Total integrated value of 'PressureField-ErrorMagnitudeField' is within a tolerance 1e-05.
Timestep 1: Total integrated value of 'PressureField-ErrorMagnitudeField' is within a tolerance 1e-05.
Timestep 2: Total integrated value of 'PressureField-ErrorMagnitudeField' is within a tolerance 1e-05.
Timestep 3: Total integrated value of 'PressureField-ErrorMagnitudeField' is within a tolerance 1e-05.
Timestep 4: Total integrated value of 'PressureField-ErrorMagnitudeField' is within a tolerance 1e-05.
Timestep 5: Total integrated value of 'PressureField-ErrorMagnitudeField' is within a tolerance 1e-05.
Timestep 6: Total integrated value of 'PressureField-ErrorMagnitudeField' is within a tolerance 1e-05.
Timestep 7: Total integrated value of 'PressureField-ErrorMagnitudeField' is within a tolerance 1e-05.
Timestep 8: Total integrated value of 'PressureField-ErrorMagnitudeField' is within a tolerance 1e-05.
Timestep 9: Total integrated value of 'PressureField-ErrorMagnitudeField' is within a tolerance 1e-05.
Timestep 10: Total integrated value of 'PressureField-ErrorMagnitudeField' is within a tolerance 1e-05.
