Timestep 0: Total integrated value of 'TemperatureField-ErrorMagnitudeField' is outside a tolerance 1e-05.
Timestep 5: Total integrated value of 'TemperatureField-ErrorMagnitudeField' is outside a tolerance 1e-05.
Timestep 10: Total integrated value of 'TemperatureField-ErrorMagnitudeField' is outside a tolerance 1e-05.
Timestep 15: Total integrated value of 'TemperatureField-ErrorMagnitudeField' is outside a tolerance 1e-05.
Timestep 20: Total integrated value of 'TemperatureField-ErrorMagnitudeField' is outside a tolerance 1e-05.
Timestep 25: Total integrated value of 'TemperatureField-ErrorMagnitudeField' is outside a tolerance 1e-05.
Timestep 30: Total integrated value of 'TemperatureField-ErrorMagnitudeField' is outside a tolerance 1e-05.
Timestep 35: Total integrated value of 'TemperatureField-ErrorMagnitudeField' is outside a tolerance 1e-05.
Timestep 40: Total integrated value of 'TemperatureField-ErrorMagnitudeField' is outside a tolerance 1e-05.
Timestep 45: Total integrated value of 'TemperatureField-ErrorMagnitudeField' is outside a tolerance 1e-05.
Timestep 50: Total integrated value of 'TemperatureField-ErrorMagnitudeField' is outside a tolerance 1e-05.
Timestep 55: Total integrated value of 'TemperatureField-ErrorMagnitudeField' is outside a tolerance 1e-05.
Timestep 60: Total integrated value of 'TemperatureField-ErrorMagnitudeField' is within a tolerance 1e-05.
