Test passed at timestep 1
Test passed at timestep 2
Test passed at timestep 3
Test passed at timestep 4
Test passed at timestep 5
Test passed at timestep 6
Test passed at timestep 7
Test passed at timestep 8
Test passed at timestep 9
Test passed at timestep 10
Test passed at timestep 11
Test passed at timestep 12
Test passed at timestep 13
Test passed at timestep 14
Test passed at timestep 15
Test passed at timestep 16
Test passed at timestep 17
Test passed at timestep 18
Test passed at timestep 19
Test passed at timestep 20
